00:29:19 **** Clean-only build of configuration Release for project AXI_Lite_Slave_Test_Bench_5 ****
make clean 
rm -rf  ./src/DFTlib.o ./src/Main.o ./src/Microphone.o ./src/RWUART.o ./src/SSD_Driver.o ./src/platform.o  ./src/DFTlib.d ./src/Main.d ./src/Microphone.d ./src/RWUART.d ./src/SSD_Driver.d ./src/platform.d  AXI_Lite_Slave_Test_Bench_5.elf.size  AXI_Lite_Slave_Test_Bench_5.elf
' '

00:29:19 Build Finished (took 163ms)

00:29:19 **** Clean-only build of configuration Debug for project AXI_Lite_Slave_Test_Bench_5 ****
make clean 
rm -rf  ./src/DFTlib.o ./src/Main.o ./src/Microphone.o ./src/RWUART.o ./src/SSD_Driver.o ./src/platform.o  ./src/DFTlib.d ./src/Main.d ./src/Microphone.d ./src/RWUART.d ./src/SSD_Driver.d ./src/platform.d  AXI_Lite_Slave_Test_Bench_5.elf.size  AXI_Lite_Slave_Test_Bench_5.elf
' '
00:29:19 **** Build of configuration Debug for project AXI_Lite_Slave_Test_Bench_5 ****
make pre-build main-build 
a9-linaro-pre-build-step
' '
'Building file: ../src/DFTlib.c'
'Invoking: ARM v7 gcc compiler'
arm-none-eabi-gcc -Wall -O0 -g3 -c -fmessage-length=0 -MT"src/DFTlib.o" -mcpu=cortex-a9 -mfpu=vfpv3 -mfloat-abi=hard -I../../standalone_bsp_0/ps7_cortexa9_0/include -MMD -MP -MF"src/DFTlib.d" -MT"src/DFTlib.o" -o "src/DFTlib.o" "../src/DFTlib.c"
../src/DFTlib.c: In function 'DFT':
../src/DFTlib.c:36:10: warning: unused variable 'a' [-Wunused-variable]
   double a = cos(1.2);
          ^
'Finished building: ../src/DFTlib.c'
' '
'Building file: ../src/Main.c'
'Invoking: ARM v7 gcc compiler'
arm-none-eabi-gcc -Wall -O0 -g3 -c -fmessage-length=0 -MT"src/Main.o" -mcpu=cortex-a9 -mfpu=vfpv3 -mfloat-abi=hard -I../../standalone_bsp_0/ps7_cortexa9_0/include -MMD -MP -MF"src/Main.d" -MT"src/Main.o" -o "src/Main.o" "../src/Main.c"
../src/Main.c: In function 'main':
../src/Main.c:77:16: warning: unused variable 'IQArray' [-Wunused-variable]
  struct IQType IQArray;
                ^~~~~~~
'Finished building: ../src/Main.c'
' '
'Building file: ../src/Microphone.c'
'Invoking: ARM v7 gcc compiler'
arm-none-eabi-gcc -Wall -O0 -g3 -c -fmessage-length=0 -MT"src/Microphone.o" -mcpu=cortex-a9 -mfpu=vfpv3 -mfloat-abi=hard -I../../standalone_bsp_0/ps7_cortexa9_0/include -MMD -MP -MF"src/Microphone.d" -MT"src/Microphone.o" -o "src/Microphone.o" "../src/Microphone.c"
'Finished building: ../src/Microphone.c'
' '
'Building file: ../src/RWUART.c'
'Invoking: ARM v7 gcc compiler'
arm-none-eabi-gcc -Wall -O0 -g3 -c -fmessage-length=0 -MT"src/RWUART.o" -mcpu=cortex-a9 -mfpu=vfpv3 -mfloat-abi=hard -I../../standalone_bsp_0/ps7_cortexa9_0/include -MMD -MP -MF"src/RWUART.d" -MT"src/RWUART.o" -o "src/RWUART.o" "../src/RWUART.c"
'Finished building: ../src/RWUART.c'
' '
'Building file: ../src/SSD_Driver.c'
'Invoking: ARM v7 gcc compiler'
arm-none-eabi-gcc -Wall -O0 -g3 -c -fmessage-length=0 -MT"src/SSD_Driver.o" -mcpu=cortex-a9 -mfpu=vfpv3 -mfloat-abi=hard -I../../standalone_bsp_0/ps7_cortexa9_0/include -MMD -MP -MF"src/SSD_Driver.d" -MT"src/SSD_Driver.o" -o "src/SSD_Driver.o" "../src/SSD_Driver.c"
'Finished building: ../src/SSD_Driver.c'
' '
'Building file: ../src/platform.c'
'Invoking: ARM v7 gcc compiler'
arm-none-eabi-gcc -Wall -O0 -g3 -c -fmessage-length=0 -MT"src/platform.o" -mcpu=cortex-a9 -mfpu=vfpv3 -mfloat-abi=hard -I../../standalone_bsp_0/ps7_cortexa9_0/include -MMD -MP -MF"src/platform.d" -MT"src/platform.o" -o "src/platform.o" "../src/platform.c"
'Finished building: ../src/platform.c'
' '
'Building target: AXI_Lite_Slave_Test_Bench_5.elf'
'Invoking: ARM v7 gcc linker'
arm-none-eabi-gcc -mcpu=cortex-a9 -mfpu=vfpv3 -mfloat-abi=hard -Wl,-build-id=none -specs=Xilinx.spec -Wl,-T -Wl,../src/lscript.ld -L../../standalone_bsp_0/ps7_cortexa9_0/lib -o "AXI_Lite_Slave_Test_Bench_5.elf"  ./src/DFTlib.o ./src/Main.o ./src/Microphone.o ./src/RWUART.o ./src/SSD_Driver.o ./src/platform.o   -Wl,--start-group,-lxil,-lgcc,-lc,--end-group -Wl,--start-group,-lxil,-lmetal,-lgcc,-lc,--end-group
e:/xilinx/sdk/2019.1/gnu/aarch32/nt/gcc-arm-none-eabi/bin/../lib/gcc/arm-none-eabi/8.2.0/../../../../arm-none-eabi/bin/ld.exe: ./src/DFTlib.o: in function `DFT':
G:\Xilinx\Projects\Desktop\AXI_4_Lite_Slave\AXI_4_Lite_Slave.sdk\AXI_Lite_Slave_Test_Bench_5\Debug/../src/DFTlib.c:39: undefined reference to `cos'
e:/xilinx/sdk/2019.1/gnu/aarch32/nt/gcc-arm-none-eabi/bin/../lib/gcc/arm-none-eabi/8.2.0/../../../../arm-none-eabi/bin/ld.exe: G:\Xilinx\Projects\Desktop\AXI_4_Lite_Slave\AXI_4_Lite_Slave.sdk\AXI_Lite_Slave_Test_Bench_5\Debug/../src/DFTlib.c:40: undefined reference to `sin'
collect2.exe: error: ld returned 1 exit status
make: *** [makefile:41: AXI_Lite_Slave_Test_Bench_5.elf] Error 1
13:07:46 **** Build of project standalone_bsp_0 ****
make -k all 
"Running Make include in ps7_cortexa9_0/libsrc/coresightps_dcc_v1_5/src"
make -C ps7_cortexa9_0/libsrc/coresightps_dcc_v1_5/src -s include  "SHELL=CMD" "COMPILER=arm-none-eabi-gcc" "ARCHIVER=arm-none-eabi-ar" "COMPILER_FLAGS=  -O2 -c" "EXTRA_COMPILER_FLAGS=-mcpu=cortex-a9 -mfpu=vfpv3 -mfloat-abi=hard -nostartfiles -g -Wall -Wextra"
"Running Make include in ps7_cortexa9_0/libsrc/cpu_cortexa9_v2_7/src"
make -C ps7_cortexa9_0/libsrc/cpu_cortexa9_v2_7/src -s include  "SHELL=CMD" "COMPILER=arm-none-eabi-gcc" "ARCHIVER=arm-none-eabi-ar" "COMPILER_FLAGS=  -O2 -c" "EXTRA_COMPILER_FLAGS=-mcpu=cortex-a9 -mfpu=vfpv3 -mfloat-abi=hard -nostartfiles -g -Wall -Wextra"
"Running Make include in ps7_cortexa9_0/libsrc/ddrps_v1_0/src"
make -C ps7_cortexa9_0/libsrc/ddrps_v1_0/src -s include  "SHELL=CMD" "COMPILER=arm-none-eabi-gcc" "ARCHIVER=arm-none-eabi-ar" "COMPILER_FLAGS=  -O2 -c" "EXTRA_COMPILER_FLAGS=-mcpu=cortex-a9 -mfpu=vfpv3 -mfloat-abi=hard -nostartfiles -g -Wall -Wextra"
"Running Make include in ps7_cortexa9_0/libsrc/devcfg_v3_5/src"
make -C ps7_cortexa9_0/libsrc/devcfg_v3_5/src -s include  "SHELL=CMD" "COMPILER=arm-none-eabi-gcc" "ARCHIVER=arm-none-eabi-ar" "COMPILER_FLAGS=  -O2 -c" "EXTRA_COMPILER_FLAGS=-mcpu=cortex-a9 -mfpu=vfpv3 -mfloat-abi=hard -nostartfiles -g -Wall -Wextra"
"Running Make include in ps7_cortexa9_0/libsrc/dmaps_v2_4/src"
make -C ps7_cortexa9_0/libsrc/dmaps_v2_4/src -s include  "SHELL=CMD" "COMPILER=arm-none-eabi-gcc" "ARCHIVER=arm-none-eabi-ar" "COMPILER_FLAGS=  -O2 -c" "EXTRA_COMPILER_FLAGS=-mcpu=cortex-a9 -mfpu=vfpv3 -mfloat-abi=hard -nostartfiles -g -Wall -Wextra"
"Running Make include in ps7_cortexa9_0/libsrc/gpiops_v3_5/src"
make -C ps7_cortexa9_0/libsrc/gpiops_v3_5/src -s include  "SHELL=CMD" "COMPILER=arm-none-eabi-gcc" "ARCHIVER=arm-none-eabi-ar" "COMPILER_FLAGS=  -O2 -c" "EXTRA_COMPILER_FLAGS=-mcpu=cortex-a9 -mfpu=vfpv3 -mfloat-abi=hard -nostartfiles -g -Wall -Wextra"
"Running Make include in ps7_cortexa9_0/libsrc/libmetal_v2_0/src"
make -C ps7_cortexa9_0/libsrc/libmetal_v2_0/src -s include  "SHELL=CMD" "COMPILER=arm-none-eabi-gcc" "ARCHIVER=arm-none-eabi-ar" "COMPILER_FLAGS=  -O2 -c" "EXTRA_COMPILER_FLAGS=-mcpu=cortex-a9 -mfpu=vfpv3 -mfloat-abi=hard -nostartfiles -g -Wall -Wextra"
"Running Make include in ps7_cortexa9_0/libsrc/qspips_v3_6/src"
make -C ps7_cortexa9_0/libsrc/qspips_v3_6/src -s include  "SHELL=CMD" "COMPILER=arm-none-eabi-gcc" "ARCHIVER=arm-none-eabi-ar" "COMPILER_FLAGS=  -O2 -c" "EXTRA_COMPILER_FLAGS=-mcpu=cortex-a9 -mfpu=vfpv3 -mfloat-abi=hard -nostartfiles -g -Wall -Wextra"
"Running Make include in ps7_cortexa9_0/libsrc/scugic_v4_0/src"
make -C ps7_cortexa9_0/libsrc/scugic_v4_0/src -s include  "SHELL=CMD" "COMPILER=arm-none-eabi-gcc" "ARCHIVER=arm-none-eabi-ar" "COMPILER_FLAGS=  -O2 -c" "EXTRA_COMPILER_FLAGS=-mcpu=cortex-a9 -mfpu=vfpv3 -mfloat-abi=hard -nostartfiles -g -Wall -Wextra"
"Running Make include in ps7_cortexa9_0/libsrc/scutimer_v2_1/src"
make -C ps7_cortexa9_0/libsrc/scutimer_v2_1/src -s include  "SHELL=CMD" "COMPILER=arm-none-eabi-gcc" "ARCHIVER=arm-none-eabi-ar" "COMPILER_FLAGS=  -O2 -c" "EXTRA_COMPILER_FLAGS=-mcpu=cortex-a9 -mfpu=vfpv3 -mfloat-abi=hard -nostartfiles -g -Wall -Wextra"
"Running Make include in ps7_cortexa9_0/libsrc/scuwdt_v2_1/src"
make -C ps7_cortexa9_0/libsrc/scuwdt_v2_1/src -s include  "SHELL=CMD" "COMPILER=arm-none-eabi-gcc" "ARCHIVER=arm-none-eabi-ar" "COMPILER_FLAGS=  -O2 -c" "EXTRA_COMPILER_FLAGS=-mcpu=cortex-a9 -mfpu=vfpv3 -mfloat-abi=hard -nostartfiles -g -Wall -Wextra"
"Running Make include in ps7_cortexa9_0/libsrc/sdps_v3_7/src"
make -C ps7_cortexa9_0/libsrc/sdps_v3_7/src -s include  "SHELL=CMD" "COMPILER=arm-none-eabi-gcc" "ARCHIVER=arm-none-eabi-ar" "COMPILER_FLAGS=  -O2 -c" "EXTRA_COMPILER_FLAGS=-mcpu=cortex-a9 -mfpu=vfpv3 -mfloat-abi=hard -nostartfiles -g -Wall -Wextra"
"Running Make include in ps7_cortexa9_0/libsrc/standalone_v7_0/src"
make -C ps7_cortexa9_0/libsrc/standalone_v7_0/src -s include  "SHELL=CMD" "COMPILER=arm-none-eabi-gcc" "ARCHIVER=arm-none-eabi-ar" "COMPILER_FLAGS=  -O2 -c" "EXTRA_COMPILER_FLAGS=-mcpu=cortex-a9 -mfpu=vfpv3 -mfloat-abi=hard -nostartfiles -g -Wall -Wextra"
"Running Make include in ps7_cortexa9_0/libsrc/uartps_v3_7/src"
make -C ps7_cortexa9_0/libsrc/uartps_v3_7/src -s include  "SHELL=CMD" "COMPILER=arm-none-eabi-gcc" "ARCHIVER=arm-none-eabi-ar" "COMPILER_FLAGS=  -O2 -c" "EXTRA_COMPILER_FLAGS=-mcpu=cortex-a9 -mfpu=vfpv3 -mfloat-abi=hard -nostartfiles -g -Wall -Wextra"
"Running Make include in ps7_cortexa9_0/libsrc/usbps_v2_4/src"
make -C ps7_cortexa9_0/libsrc/usbps_v2_4/src -s include  "SHELL=CMD" "COMPILER=arm-none-eabi-gcc" "ARCHIVER=arm-none-eabi-ar" "COMPILER_FLAGS=  -O2 -c" "EXTRA_COMPILER_FLAGS=-mcpu=cortex-a9 -mfpu=vfpv3 -mfloat-abi=hard -nostartfiles -g -Wall -Wextra"
"Running Make include in ps7_cortexa9_0/libsrc/xadcps_v2_3/src"
make -C ps7_cortexa9_0/libsrc/xadcps_v2_3/src -s include  "SHELL=CMD" "COMPILER=arm-none-eabi-gcc" "ARCHIVER=arm-none-eabi-ar" "COMPILER_FLAGS=  -O2 -c" "EXTRA_COMPILER_FLAGS=-mcpu=cortex-a9 -mfpu=vfpv3 -mfloat-abi=hard -nostartfiles -g -Wall -Wextra"
"Running Make libs in ps7_cortexa9_0/libsrc/coresightps_dcc_v1_5/src"
make -C ps7_cortexa9_0/libsrc/coresightps_dcc_v1_5/src -s libs  "SHELL=CMD" "COMPILER=arm-none-eabi-gcc" "ARCHIVER=arm-none-eabi-ar" "COMPILER_FLAGS=  -O2 -c" "EXTRA_COMPILER_FLAGS=-mcpu=cortex-a9 -mfpu=vfpv3 -mfloat-abi=hard -nostartfiles -g -Wall -Wextra"
"Compiling coresightps_dcc"
"Running Make libs in ps7_cortexa9_0/libsrc/cpu_cortexa9_v2_7/src"
make -C ps7_cortexa9_0/libsrc/cpu_cortexa9_v2_7/src -s libs  "SHELL=CMD" "COMPILER=arm-none-eabi-gcc" "ARCHIVER=arm-none-eabi-ar" "COMPILER_FLAGS=  -O2 -c" "EXTRA_COMPILER_FLAGS=-mcpu=cortex-a9 -mfpu=vfpv3 -mfloat-abi=hard -nostartfiles -g -Wall -Wextra"
"Compiling cpu_cortexa9"
"Running Make libs in ps7_cortexa9_0/libsrc/ddrps_v1_0/src"
make -C ps7_cortexa9_0/libsrc/ddrps_v1_0/src -s libs  "SHELL=CMD" "COMPILER=arm-none-eabi-gcc" "ARCHIVER=arm-none-eabi-ar" "COMPILER_FLAGS=  -O2 -c" "EXTRA_COMPILER_FLAGS=-mcpu=cortex-a9 -mfpu=vfpv3 -mfloat-abi=hard -nostartfiles -g -Wall -Wextra"
"Compiling ddrps"
"Running Make libs in ps7_cortexa9_0/libsrc/devcfg_v3_5/src"
make -C ps7_cortexa9_0/libsrc/devcfg_v3_5/src -s libs  "SHELL=CMD" "COMPILER=arm-none-eabi-gcc" "ARCHIVER=arm-none-eabi-ar" "COMPILER_FLAGS=  -O2 -c" "EXTRA_COMPILER_FLAGS=-mcpu=cortex-a9 -mfpu=vfpv3 -mfloat-abi=hard -nostartfiles -g -Wall -Wextra"
"Compiling devcfg"
"Running Make libs in ps7_cortexa9_0/libsrc/dmaps_v2_4/src"
make -C ps7_cortexa9_0/libsrc/dmaps_v2_4/src -s libs  "SHELL=CMD" "COMPILER=arm-none-eabi-gcc" "ARCHIVER=arm-none-eabi-ar" "COMPILER_FLAGS=  -O2 -c" "EXTRA_COMPILER_FLAGS=-mcpu=cortex-a9 -mfpu=vfpv3 -mfloat-abi=hard -nostartfiles -g -Wall -Wextra"
"Compiling dmaps"
"Running Make libs in ps7_cortexa9_0/libsrc/gpiops_v3_5/src"
make -C ps7_cortexa9_0/libsrc/gpiops_v3_5/src -s libs  "SHELL=CMD" "COMPILER=arm-none-eabi-gcc" "ARCHIVER=arm-none-eabi-ar" "COMPILER_FLAGS=  -O2 -c" "EXTRA_COMPILER_FLAGS=-mcpu=cortex-a9 -mfpu=vfpv3 -mfloat-abi=hard -nostartfiles -g -Wall -Wextra"
"Compiling gpiops"
"Running Make libs in ps7_cortexa9_0/libsrc/libmetal_v2_0/src"
make -C ps7_cortexa9_0/libsrc/libmetal_v2_0/src -s libs  "SHELL=CMD" "COMPILER=arm-none-eabi-gcc" "ARCHIVER=arm-none-eabi-ar" "COMPILER_FLAGS=  -O2 -c" "EXTRA_COMPILER_FLAGS=-mcpu=cortex-a9 -mfpu=vfpv3 -mfloat-abi=hard -nostartfiles -g -Wall -Wextra"
[100%] Built target metal-static
Install the project...
-- Install configuration: "Debug"
-- Installing: ../../../include/metal/alloc.h
-- Installing: ../../../include/metal/assert.h
-- Installing: ../../../include/metal/atomic.h
-- Installing: ../../../include/metal/cache.h
-- Installing: ../../../include/metal/compiler.h
-- Installing: ../../../include/metal/condition.h
-- Installing: ../../../include/metal/config.h
-- Installing: ../../../include/metal/cpu.h
-- Installing: ../../../include/metal/device.h
-- Installing: ../../../include/metal/dma.h
-- Installing: ../../../include/metal/io.h
-- Installing: ../../../include/metal/irq.h
-- Installing: ../../../include/metal/irq_controller.h
-- Installing: ../../../include/metal/list.h
-- Installing: ../../../include/metal/log.h
-- Installing: ../../../include/metal/mutex.h
-- Installing: ../../../include/metal/scatterlist.h
-- Installing: ../../../include/metal/shmem.h
-- Installing: ../../../include/metal/shmem-provider.h
-- Installing: ../../../include/metal/sleep.h
-- Installing: ../../../include/metal/softirq.h
-- Installing: ../../../include/metal/spinlock.h
-- Installing: ../../../include/metal/sys.h
-- Installing: ../../../include/metal/time.h
-- Installing: ../../../include/metal/utilities.h
-- Installing: ../../../include/metal/version.h
-- Installing: ../../../include/metal/compiler/gcc/atomic.h
-- Installing: ../../../include/metal/compiler/gcc/compiler.h
-- Installing: ../../../include/metal/compiler/iar/compiler.h
-- Installing: ../../../include/metal/processor/arm/atomic.h
-- Installing: ../../../include/metal/processor/arm/cpu.h
-- Installing: ../../../include/metal/system/generic/alloc.h
-- Installing: ../../../include/metal/system/generic/assert.h
-- Installing: ../../../include/metal/system/generic/cache.h
-- Installing: ../../../include/metal/system/generic/condition.h
-- Installing: ../../../include/metal/system/generic/io.h
-- Installing: ../../../include/metal/system/generic/irq.h
-- Installing: ../../../include/metal/system/generic/log.h
-- Installing: ../../../include/metal/system/generic/mutex.h
-- Installing: ../../../include/metal/system/generic/sleep.h
-- Installing: ../../../include/metal/system/generic/sys.h
-- Installing: ../../../include/metal/system/generic/zynq7/sys.h
-- Installing: ../../../include/metal/system/generic/xlnx_common/sys.h
-- Up-to-date: ../../../lib/libmetal.a
"Running Make libs in ps7_cortexa9_0/libsrc/qspips_v3_6/src"
make -C ps7_cortexa9_0/libsrc/qspips_v3_6/src -s libs  "SHELL=CMD" "COMPILER=arm-none-eabi-gcc" "ARCHIVER=arm-none-eabi-ar" "COMPILER_FLAGS=  -O2 -c" "EXTRA_COMPILER_FLAGS=-mcpu=cortex-a9 -mfpu=vfpv3 -mfloat-abi=hard -nostartfiles -g -Wall -Wextra"
"Compiling qspips"
"Running Make libs in ps7_cortexa9_0/libsrc/scugic_v4_0/src"
make -C ps7_cortexa9_0/libsrc/scugic_v4_0/src -s libs  "SHELL=CMD" "COMPILER=arm-none-eabi-gcc" "ARCHIVER=arm-none-eabi-ar" "COMPILER_FLAGS=  -O2 -c" "EXTRA_COMPILER_FLAGS=-mcpu=cortex-a9 -mfpu=vfpv3 -mfloat-abi=hard -nostartfiles -g -Wall -Wextra"
"Compiling scugic"
"Running Make libs in ps7_cortexa9_0/libsrc/scutimer_v2_1/src"
make -C ps7_cortexa9_0/libsrc/scutimer_v2_1/src -s libs  "SHELL=CMD" "COMPILER=arm-none-eabi-gcc" "ARCHIVER=arm-none-eabi-ar" "COMPILER_FLAGS=  -O2 -c" "EXTRA_COMPILER_FLAGS=-mcpu=cortex-a9 -mfpu=vfpv3 -mfloat-abi=hard -nostartfiles -g -Wall -Wextra"
"Compiling scutimer"
"Running Make libs in ps7_cortexa9_0/libsrc/scuwdt_v2_1/src"
make -C ps7_cortexa9_0/libsrc/scuwdt_v2_1/src -s libs  "SHELL=CMD" "COMPILER=arm-none-eabi-gcc" "ARCHIVER=arm-none-eabi-ar" "COMPILER_FLAGS=  -O2 -c" "EXTRA_COMPILER_FLAGS=-mcpu=cortex-a9 -mfpu=vfpv3 -mfloat-abi=hard -nostartfiles -g -Wall -Wextra"
"Compiling scuwdt"
"Running Make libs in ps7_cortexa9_0/libsrc/sdps_v3_7/src"
make -C ps7_cortexa9_0/libsrc/sdps_v3_7/src -s libs  "SHELL=CMD" "COMPILER=arm-none-eabi-gcc" "ARCHIVER=arm-none-eabi-ar" "COMPILER_FLAGS=  -O2 -c" "EXTRA_COMPILER_FLAGS=-mcpu=cortex-a9 -mfpu=vfpv3 -mfloat-abi=hard -nostartfiles -g -Wall -Wextra"
"Compiling sdps"
"Running Make libs in ps7_cortexa9_0/libsrc/standalone_v7_0/src"
make -C ps7_cortexa9_0/libsrc/standalone_v7_0/src -s libs  "SHELL=CMD" "COMPILER=arm-none-eabi-gcc" "ARCHIVER=arm-none-eabi-ar" "COMPILER_FLAGS=  -O2 -c" "EXTRA_COMPILER_FLAGS=-mcpu=cortex-a9 -mfpu=vfpv3 -mfloat-abi=hard -nostartfiles -g -Wall -Wextra"
"Compiling standalone"
In file included from usleep.c:56:
xtime_l.h:87:9: note: #pragma message: For the sleep routines, Global timer is being used
 #pragma message ("For the sleep routines, Global timer is being used")
         ^~~~~~~
In file included from sleep.c:53:
xtime_l.h:87:9: note: #pragma message: For the sleep routines, Global timer is being used
 #pragma message ("For the sleep routines, Global timer is being used")
         ^~~~~~~
In file included from xil_sleeptimer.c:51:
xtime_l.h:87:9: note: #pragma message: For the sleep routines, Global timer is being used
 #pragma message ("For the sleep routines, Global timer is being used")
         ^~~~~~~
In file included from xtime_l.c:49:
xtime_l.h:87:9: note: #pragma message: For the sleep routines, Global timer is being used
 #pragma message ("For the sleep routines, Global timer is being used")
         ^~~~~~~
"Running Make libs in ps7_cortexa9_0/libsrc/uartps_v3_7/src"
make -C ps7_cortexa9_0/libsrc/uartps_v3_7/src -s libs  "SHELL=CMD" "COMPILER=arm-none-eabi-gcc" "ARCHIVER=arm-none-eabi-ar" "COMPILER_FLAGS=  -O2 -c" "EXTRA_COMPILER_FLAGS=-mcpu=cortex-a9 -mfpu=vfpv3 -mfloat-abi=hard -nostartfiles -g -Wall -Wextra"
"Compiling uartps"
"Running Make libs in ps7_cortexa9_0/libsrc/usbps_v2_4/src"
make -C ps7_cortexa9_0/libsrc/usbps_v2_4/src -s libs  "SHELL=CMD" "COMPILER=arm-none-eabi-gcc" "ARCHIVER=arm-none-eabi-ar" "COMPILER_FLAGS=  -O2 -c" "EXTRA_COMPILER_FLAGS=-mcpu=cortex-a9 -mfpu=vfpv3 -mfloat-abi=hard -nostartfiles -g -Wall -Wextra"
"Compiling usbps"
"Running Make libs in ps7_cortexa9_0/libsrc/xadcps_v2_3/src"
make -C ps7_cortexa9_0/libsrc/xadcps_v2_3/src -s libs  "SHELL=CMD" "COMPILER=arm-none-eabi-gcc" "ARCHIVER=arm-none-eabi-ar" "COMPILER_FLAGS=  -O2 -c" "EXTRA_COMPILER_FLAGS=-mcpu=cortex-a9 -mfpu=vfpv3 -mfloat-abi=hard -nostartfiles -g -Wall -Wextra"
"Compiling xadcps"
'Finished building libraries'
13:08:17 **** Build of configuration Debug for project AXI_Lite_Slave_Test_Bench_5 ****
make pre-build main-build 
a9-linaro-pre-build-step
' '
'Building file: ../src/Main.c'
'Invoking: ARM v7 gcc compiler'
arm-none-eabi-gcc -Wall -O0 -g3 -c -fmessage-length=0 -MT"src/Main.o" -mcpu=cortex-a9 -mfpu=vfpv3 -mfloat-abi=hard -I../../standalone_bsp_0/ps7_cortexa9_0/include -MMD -MP -MF"src/Main.d" -MT"src/Main.o" -o "src/Main.o" "../src/Main.c"
'Finished building: ../src/Main.c'
' '
'Building file: ../src/Microphone.c'
'Invoking: ARM v7 gcc compiler'
arm-none-eabi-gcc -Wall -O0 -g3 -c -fmessage-length=0 -MT"src/Microphone.o" -mcpu=cortex-a9 -mfpu=vfpv3 -mfloat-abi=hard -I../../standalone_bsp_0/ps7_cortexa9_0/include -MMD -MP -MF"src/Microphone.d" -MT"src/Microphone.o" -o "src/Microphone.o" "../src/Microphone.c"
'Finished building: ../src/Microphone.c'
' '
'Building file: ../src/RWUART.c'
'Invoking: ARM v7 gcc compiler'
arm-none-eabi-gcc -Wall -O0 -g3 -c -fmessage-length=0 -MT"src/RWUART.o" -mcpu=cortex-a9 -mfpu=vfpv3 -mfloat-abi=hard -I../../standalone_bsp_0/ps7_cortexa9_0/include -MMD -MP -MF"src/RWUART.d" -MT"src/RWUART.o" -o "src/RWUART.o" "../src/RWUART.c"
'Finished building: ../src/RWUART.c'
' '
'Building file: ../src/SSD_Driver.c'
'Invoking: ARM v7 gcc compiler'
arm-none-eabi-gcc -Wall -O0 -g3 -c -fmessage-length=0 -MT"src/SSD_Driver.o" -mcpu=cortex-a9 -mfpu=vfpv3 -mfloat-abi=hard -I../../standalone_bsp_0/ps7_cortexa9_0/include -MMD -MP -MF"src/SSD_Driver.d" -MT"src/SSD_Driver.o" -o "src/SSD_Driver.o" "../src/SSD_Driver.c"
'Finished building: ../src/SSD_Driver.c'
' '
'Building file: ../src/platform.c'
'Invoking: ARM v7 gcc compiler'
arm-none-eabi-gcc -Wall -O0 -g3 -c -fmessage-length=0 -MT"src/platform.o" -mcpu=cortex-a9 -mfpu=vfpv3 -mfloat-abi=hard -I../../standalone_bsp_0/ps7_cortexa9_0/include -MMD -MP -MF"src/platform.d" -MT"src/platform.o" -o "src/platform.o" "../src/platform.c"
'Finished building: ../src/platform.c'
' '
'Building target: AXI_Lite_Slave_Test_Bench_5.elf'
'Invoking: ARM v7 gcc linker'
arm-none-eabi-gcc -mcpu=cortex-a9 -mfpu=vfpv3 -mfloat-abi=hard -Wl,-build-id=none -specs=Xilinx.spec -Wl,-T -Wl,../src/lscript.ld -L../../standalone_bsp_0/ps7_cortexa9_0/lib -o "AXI_Lite_Slave_Test_Bench_5.elf"  ./src/DFTlib.o ./src/Main.o ./src/Microphone.o ./src/RWUART.o ./src/SSD_Driver.o ./src/platform.o   -Wl,--start-group,-lxil,-lgcc,-lc,--end-group -Wl,--start-group,-lxil,-lmetal,-lgcc,-lc,--end-group
e:/xilinx/sdk/2019.1/gnu/aarch32/nt/gcc-arm-none-eabi/bin/../lib/gcc/arm-none-eabi/8.2.0/../../../../arm-none-eabi/bin/ld.exe: ./src/DFTlib.o: in function `DFT':
G:\Xilinx\Projects\Desktop\AXI_4_Lite_Slave\AXI_4_Lite_Slave.sdk\AXI_Lite_Slave_Test_Bench_5\Debug/../src/DFTlib.c:39: undefined reference to `cos'
e:/xilinx/sdk/2019.1/gnu/aarch32/nt/gcc-arm-none-eabi/bin/../lib/gcc/arm-none-eabi/8.2.0/../../../../arm-none-eabi/bin/ld.exe: G:\Xilinx\Projects\Desktop\AXI_4_Lite_Slave\AXI_4_Lite_Slave.sdk\AXI_Lite_Slave_Test_Bench_5\Debug/../src/DFTlib.c:40: undefined reference to `sin'
collect2.exe: error: ld returned 1 exit status
make: *** [makefile:41: AXI_Lite_Slave_Test_Bench_5.elf] Error 1
13:08:27 **** Incremental Build of configuration Debug for project AXI_Lite_Slave_Test_Bench_5 ****
make pre-build main-build 
a9-linaro-pre-build-step
' '
'Building target: AXI_Lite_Slave_Test_Bench_5.elf'
'Invoking: ARM v7 gcc linker'
arm-none-eabi-gcc -mcpu=cortex-a9 -mfpu=vfpv3 -mfloat-abi=hard -Wl,-build-id=none -specs=Xilinx.spec -Wl,-T -Wl,../src/lscript.ld -L../../standalone_bsp_0/ps7_cortexa9_0/lib -o "AXI_Lite_Slave_Test_Bench_5.elf"  ./src/DFTlib.o ./src/Main.o ./src/Microphone.o ./src/RWUART.o ./src/SSD_Driver.o ./src/platform.o   -Wl,--start-group,-lxil,-lgcc,-lc,--end-group -Wl,--start-group,-lxil,-lmetal,-lgcc,-lc,--end-group
e:/xilinx/sdk/2019.1/gnu/aarch32/nt/gcc-arm-none-eabi/bin/../lib/gcc/arm-none-eabi/8.2.0/../../../../arm-none-eabi/bin/ld.exe: ./src/DFTlib.o: in function `DFT':
G:\Xilinx\Projects\Desktop\AXI_4_Lite_Slave\AXI_4_Lite_Slave.sdk\AXI_Lite_Slave_Test_Bench_5\Debug/../src/DFTlib.c:39: undefined reference to `cos'
e:/xilinx/sdk/2019.1/gnu/aarch32/nt/gcc-arm-none-eabi/bin/../lib/gcc/arm-none-eabi/8.2.0/../../../../arm-none-eabi/bin/ld.exe: G:\Xilinx\Projects\Desktop\AXI_4_Lite_Slave\AXI_4_Lite_Slave.sdk\AXI_Lite_Slave_Test_Bench_5\Debug/../src/DFTlib.c:40: undefined reference to `sin'
collect2.exe: error: ld returned 1 exit status
make: *** [makefile:41: AXI_Lite_Slave_Test_Bench_5.elf] Error 1
13:08:34 **** Incremental Build of configuration Debug for project AXI_Lite_Slave_Test_Bench_5 ****
make pre-build main-build 
a9-linaro-pre-build-step
' '
'Building target: AXI_Lite_Slave_Test_Bench_5.elf'
'Invoking: ARM v7 gcc linker'
arm-none-eabi-gcc -mcpu=cortex-a9 -mfpu=vfpv3 -mfloat-abi=hard -Wl,-build-id=none -specs=Xilinx.spec -Wl,-T -Wl,../src/lscript.ld -L../../standalone_bsp_0/ps7_cortexa9_0/lib -o "AXI_Lite_Slave_Test_Bench_5.elf"  ./src/DFTlib.o ./src/Main.o ./src/Microphone.o ./src/RWUART.o ./src/SSD_Driver.o ./src/platform.o   -Wl,--start-group,-lxil,-lgcc,-lc,--end-group -Wl,--start-group,-lxil,-lmetal,-lgcc,-lc,--end-group
e:/xilinx/sdk/2019.1/gnu/aarch32/nt/gcc-arm-none-eabi/bin/../lib/gcc/arm-none-eabi/8.2.0/../../../../arm-none-eabi/bin/ld.exe: ./src/DFTlib.o: in function `DFT':
G:\Xilinx\Projects\Desktop\AXI_4_Lite_Slave\AXI_4_Lite_Slave.sdk\AXI_Lite_Slave_Test_Bench_5\Debug/../src/DFTlib.c:39: undefined reference to `cos'
e:/xilinx/sdk/2019.1/gnu/aarch32/nt/gcc-arm-none-eabi/bin/../lib/gcc/arm-none-eabi/8.2.0/../../../../arm-none-eabi/bin/ld.exe: G:\Xilinx\Projects\Desktop\AXI_4_Lite_Slave\AXI_4_Lite_Slave.sdk\AXI_Lite_Slave_Test_Bench_5\Debug/../src/DFTlib.c:40: undefined reference to `sin'
collect2.exe: error: ld returned 1 exit status
make: *** [makefile:41: AXI_Lite_Slave_Test_Bench_5.elf] Error 1
13:09:39 **** Incremental Build of configuration Debug for project AXI_Lite_Slave_Test_Bench_5 ****
make pre-build main-build 
a9-linaro-pre-build-step
' '
'Building target: AXI_Lite_Slave_Test_Bench_5.elf'
'Invoking: ARM v7 gcc linker'
arm-none-eabi-gcc -mcpu=cortex-a9 -mfpu=vfpv3 -mfloat-abi=hard -Wl,-build-id=none -specs=Xilinx.spec -Wl,-T -Wl,../src/lscript.ld -L../../standalone_bsp_0/ps7_cortexa9_0/lib -o "AXI_Lite_Slave_Test_Bench_5.elf"  ./src/DFTlib.o ./src/Main.o ./src/Microphone.o ./src/RWUART.o ./src/SSD_Driver.o ./src/platform.o   -Wl,--start-group,-lxil,-lgcc,-lc,--end-group -Wl,--start-group,-lxil,-lmetal,-lgcc,-lc,--end-group
e:/xilinx/sdk/2019.1/gnu/aarch32/nt/gcc-arm-none-eabi/bin/../lib/gcc/arm-none-eabi/8.2.0/../../../../arm-none-eabi/bin/ld.exe: ./src/DFTlib.o: in function `DFT':
G:\Xilinx\Projects\Desktop\AXI_4_Lite_Slave\AXI_4_Lite_Slave.sdk\AXI_Lite_Slave_Test_Bench_5\Debug/../src/DFTlib.c:39: undefined reference to `cos'
e:/xilinx/sdk/2019.1/gnu/aarch32/nt/gcc-arm-none-eabi/bin/../lib/gcc/arm-none-eabi/8.2.0/../../../../arm-none-eabi/bin/ld.exe: G:\Xilinx\Projects\Desktop\AXI_4_Lite_Slave\AXI_4_Lite_Slave.sdk\AXI_Lite_Slave_Test_Bench_5\Debug/../src/DFTlib.c:40: undefined reference to `sin'
collect2.exe: error: ld returned 1 exit status
make: *** [makefile:41: AXI_Lite_Slave_Test_Bench_5.elf] Error 1
13:10:06 **** Auto Build of configuration Debug for project AXI_Lite_Slave_Test_Bench_5 ****
make pre-build main-build 
a9-linaro-pre-build-step
' '
'Building file: ../src/DFTlib.c'
'Invoking: ARM v7 gcc compiler'
arm-none-eabi-gcc -Wall -O0 -g3 -c -fmessage-length=0 -MT"src/DFTlib.o" -mcpu=cortex-a9 -mfpu=vfpv3 -mfloat-abi=hard -I../../standalone_bsp_0/ps7_cortexa9_0/include -MMD -MP -MF"src/DFTlib.d" -MT"src/DFTlib.o" -o "src/DFTlib.o" "../src/DFTlib.c"
../src/DFTlib.c: In function 'DFT':
../src/DFTlib.c:36:10: warning: unused variable 'a' [-Wunused-variable]
   double a = cos(1.2);
          ^
../src/DFTlib.c:23:8: warning: unused variable 'pi' [-Wunused-variable]
  float pi = 3.14159265358979323846;
        ^~
'Finished building: ../src/DFTlib.c'
' '
'Building target: AXI_Lite_Slave_Test_Bench_5.elf'
'Invoking: ARM v7 gcc linker'
arm-none-eabi-gcc -mcpu=cortex-a9 -mfpu=vfpv3 -mfloat-abi=hard -Wl,-build-id=none -specs=Xilinx.spec -Wl,-T -Wl,../src/lscript.ld -L../../standalone_bsp_0/ps7_cortexa9_0/lib -o "AXI_Lite_Slave_Test_Bench_5.elf"  ./src/DFTlib.o ./src/Main.o ./src/Microphone.o ./src/RWUART.o ./src/SSD_Driver.o ./src/platform.o   -Wl,--start-group,-lxil,-lgcc,-lc,--end-group -Wl,--start-group,-lxil,-lmetal,-lgcc,-lc,--end-group
'Finished building target: AXI_Lite_Slave_Test_Bench_5.elf'
' '
'Invoking: ARM v7 Print Size'
arm-none-eabi-size AXI_Lite_Slave_Test_Bench_5.elf  |tee "AXI_Lite_Slave_Test_Bench_5.elf.size"
   text	   data	    bss	    dec	    hex	filename
  59100	   2584	  23328	  85012	  14c14	AXI_Lite_Slave_Test_Bench_5.elf
'Finished building: AXI_Lite_Slave_Test_Bench_5.elf.size'
' '
13:10:10 **** Incremental Build of configuration Debug for project AXI_Lite_Slave_Test_Bench_5 ****
make pre-build main-build 
a9-linaro-pre-build-step
' '
make: Nothing to be done for 'main-build'.
13:10:12 **** Incremental Build of configuration Debug for project AXI_Lite_Slave_Test_Bench_5 ****
make pre-build main-build 
a9-linaro-pre-build-step
' '
make: Nothing to be done for 'main-build'.
13:10:17 **** Incremental Build of configuration Debug for project AXI_Lite_Slave_Test_Bench_5 ****
make pre-build main-build 
a9-linaro-pre-build-step
' '
make: Nothing to be done for 'main-build'.
13:11:30 **** Incremental Build of configuration Debug for project AXI_Lite_Slave_Test_Bench_5 ****
make pre-build main-build 
a9-linaro-pre-build-step
' '
make: Nothing to be done for 'main-build'.
14:23:32 **** Incremental Build of configuration Debug for project AXI_Lite_Slave_Test_Bench_5 ****
make pre-build main-build 
a9-linaro-pre-build-step
' '
make: Nothing to be done for 'main-build'.
14:25:32 **** Incremental Build of configuration Debug for project AXI_Lite_Slave_Test_Bench_5 ****
make pre-build main-build 
a9-linaro-pre-build-step
' '
make: Nothing to be done for 'main-build'.
14:30:24 **** Auto Build of configuration Debug for project AXI_Lite_Slave_Test_Bench_5 ****
make pre-build main-build 
a9-linaro-pre-build-step
' '
'Building file: ../src/DFTlib.c'
'Invoking: ARM v7 gcc compiler'
arm-none-eabi-gcc -Wall -O0 -g3 -c -fmessage-length=0 -MT"src/DFTlib.o" -mcpu=cortex-a9 -mfpu=vfpv3 -mfloat-abi=hard -I../../standalone_bsp_0/ps7_cortexa9_0/include -MMD -MP -MF"src/DFTlib.d" -MT"src/DFTlib.o" -o "src/DFTlib.o" "../src/DFTlib.c"
../src/DFTlib.c: In function 'DFT':
../src/DFTlib.c:36:10: warning: unused variable 'a' [-Wunused-variable]
   double a = cos(1.2);
          ^
'Finished building: ../src/DFTlib.c'
' '
'Building target: AXI_Lite_Slave_Test_Bench_5.elf'
'Invoking: ARM v7 gcc linker'
arm-none-eabi-gcc -mcpu=cortex-a9 -mfpu=vfpv3 -mfloat-abi=hard -Wl,-build-id=none -specs=Xilinx.spec -Wl,-T -Wl,../src/lscript.ld -L../../standalone_bsp_0/ps7_cortexa9_0/lib -o "AXI_Lite_Slave_Test_Bench_5.elf"  ./src/DFTlib.o ./src/Main.o ./src/Microphone.o ./src/RWUART.o ./src/SSD_Driver.o ./src/platform.o   -Wl,--start-group,-lxil,-lgcc,-lc,--end-group -Wl,--start-group,-lxil,-lmetal,-lgcc,-lc,--end-group
e:/xilinx/sdk/2019.1/gnu/aarch32/nt/gcc-arm-none-eabi/bin/../lib/gcc/arm-none-eabi/8.2.0/../../../../arm-none-eabi/bin/ld.exe: ./src/DFTlib.o: in function `DFT':
G:\Xilinx\Projects\Desktop\AXI_4_Lite_Slave\AXI_4_Lite_Slave.sdk\AXI_Lite_Slave_Test_Bench_5\Debug/../src/DFTlib.c:39: undefined reference to `cos'
e:/xilinx/sdk/2019.1/gnu/aarch32/nt/gcc-arm-none-eabi/bin/../lib/gcc/arm-none-eabi/8.2.0/../../../../arm-none-eabi/bin/ld.exe: G:\Xilinx\Projects\Desktop\AXI_4_Lite_Slave\AXI_4_Lite_Slave.sdk\AXI_Lite_Slave_Test_Bench_5\Debug/../src/DFTlib.c:40: undefined reference to `sin'
collect2.exe: error: ld returned 1 exit status
make: *** [makefile:41: AXI_Lite_Slave_Test_Bench_5.elf] Error 1
14:30:35 **** Auto Build of configuration Debug for project AXI_Lite_Slave_Test_Bench_5 ****
make pre-build main-build 
a9-linaro-pre-build-step
' '
'Building file: ../src/DFTlib.c'
'Invoking: ARM v7 gcc compiler'
arm-none-eabi-gcc -Wall -O0 -g3 -c -fmessage-length=0 -MT"src/DFTlib.o" -mcpu=cortex-a9 -mfpu=vfpv3 -mfloat-abi=hard -I../../standalone_bsp_0/ps7_cortexa9_0/include -MMD -MP -MF"src/DFTlib.d" -MT"src/DFTlib.o" -o "src/DFTlib.o" "../src/DFTlib.c"
../src/DFTlib.c: In function 'DFT':
../src/DFTlib.c:36:10: warning: unused variable 'a' [-Wunused-variable]
   double a = cos(1.2);
          ^
'Finished building: ../src/DFTlib.c'
' '
'Building target: AXI_Lite_Slave_Test_Bench_5.elf'
'Invoking: ARM v7 gcc linker'
arm-none-eabi-gcc -mcpu=cortex-a9 -mfpu=vfpv3 -mfloat-abi=hard -Wl,-build-id=none -specs=Xilinx.spec -Wl,-T -Wl,../src/lscript.ld -L../../standalone_bsp_0/ps7_cortexa9_0/lib -o "AXI_Lite_Slave_Test_Bench_5.elf"  ./src/DFTlib.o ./src/Main.o ./src/Microphone.o ./src/RWUART.o ./src/SSD_Driver.o ./src/platform.o   -Wl,--start-group,-lxil,-lgcc,-lc,--end-group -Wl,--start-group,-lxil,-lmetal,-lgcc,-lc,--end-group
e:/xilinx/sdk/2019.1/gnu/aarch32/nt/gcc-arm-none-eabi/bin/../lib/gcc/arm-none-eabi/8.2.0/../../../../arm-none-eabi/bin/ld.exe: ./src/DFTlib.o: in function `DFT':
G:\Xilinx\Projects\Desktop\AXI_4_Lite_Slave\AXI_4_Lite_Slave.sdk\AXI_Lite_Slave_Test_Bench_5\Debug/../src/DFTlib.c:39: undefined reference to `cos'
e:/xilinx/sdk/2019.1/gnu/aarch32/nt/gcc-arm-none-eabi/bin/../lib/gcc/arm-none-eabi/8.2.0/../../../../arm-none-eabi/bin/ld.exe: G:\Xilinx\Projects\Desktop\AXI_4_Lite_Slave\AXI_4_Lite_Slave.sdk\AXI_Lite_Slave_Test_Bench_5\Debug/../src/DFTlib.c:40: undefined reference to `sin'
collect2.exe: error: ld returned 1 exit status
make: *** [makefile:41: AXI_Lite_Slave_Test_Bench_5.elf] Error 1
14:30:39 **** Auto Build of configuration Debug for project AXI_Lite_Slave_Test_Bench_5 ****
make pre-build main-build 
a9-linaro-pre-build-step
' '
'Building file: ../src/DFTlib.c'
'Invoking: ARM v7 gcc compiler'
arm-none-eabi-gcc -Wall -O0 -g3 -c -fmessage-length=0 -MT"src/DFTlib.o" -mcpu=cortex-a9 -mfpu=vfpv3 -mfloat-abi=hard -I../../standalone_bsp_0/ps7_cortexa9_0/include -MMD -MP -MF"src/DFTlib.d" -MT"src/DFTlib.o" -o "src/DFTlib.o" "../src/DFTlib.c"
../src/DFTlib.c: In function 'DFT':
../src/DFTlib.c:36:10: warning: unused variable 'a' [-Wunused-variable]
   double a = cos(1.2);
          ^
'Finished building: ../src/DFTlib.c'
' '
'Building target: AXI_Lite_Slave_Test_Bench_5.elf'
'Invoking: ARM v7 gcc linker'
arm-none-eabi-gcc -mcpu=cortex-a9 -mfpu=vfpv3 -mfloat-abi=hard -Wl,-build-id=none -specs=Xilinx.spec -Wl,-T -Wl,../src/lscript.ld -L../../standalone_bsp_0/ps7_cortexa9_0/lib -o "AXI_Lite_Slave_Test_Bench_5.elf"  ./src/DFTlib.o ./src/Main.o ./src/Microphone.o ./src/RWUART.o ./src/SSD_Driver.o ./src/platform.o   -Wl,--start-group,-lxil,-lgcc,-lc,--end-group -Wl,--start-group,-lxil,-lmetal,-lgcc,-lc,--end-group
e:/xilinx/sdk/2019.1/gnu/aarch32/nt/gcc-arm-none-eabi/bin/../lib/gcc/arm-none-eabi/8.2.0/../../../../arm-none-eabi/bin/ld.exe: ./src/DFTlib.o: in function `DFT':
G:\Xilinx\Projects\Desktop\AXI_4_Lite_Slave\AXI_4_Lite_Slave.sdk\AXI_Lite_Slave_Test_Bench_5\Debug/../src/DFTlib.c:39: undefined reference to `cos'
e:/xilinx/sdk/2019.1/gnu/aarch32/nt/gcc-arm-none-eabi/bin/../lib/gcc/arm-none-eabi/8.2.0/../../../../arm-none-eabi/bin/ld.exe: G:\Xilinx\Projects\Desktop\AXI_4_Lite_Slave\AXI_4_Lite_Slave.sdk\AXI_Lite_Slave_Test_Bench_5\Debug/../src/DFTlib.c:40: undefined reference to `sin'
collect2.exe: error: ld returned 1 exit status
make: *** [makefile:41: AXI_Lite_Slave_Test_Bench_5.elf] Error 1
14:44:56 **** Clean-only build of configuration Debug for project AXI_Lite_Slave_Test_Bench_5 ****
make clean 
rm -rf  ./src/DFTlib.o ./src/Main.o ./src/Microphone.o ./src/RWUART.o ./src/SSD_Driver.o ./src/platform.o  ./src/DFTlib.d ./src/Main.d ./src/Microphone.d ./src/RWUART.d ./src/SSD_Driver.d ./src/platform.d  AXI_Lite_Slave_Test_Bench_5.elf.size  AXI_Lite_Slave_Test_Bench_5.elf
' '
14:44:56 **** Auto Build of configuration Debug for project AXI_Lite_Slave_Test_Bench_5 ****
make pre-build main-build 
a9-linaro-pre-build-step
' '
'Building file: ../src/DFTlib.c'
'Invoking: ARM v7 gcc compiler'
arm-none-eabi-gcc -Wall -O0 -g3 -c -fmessage-length=0 -MT"src/DFTlib.o" -mcpu=cortex-a9 -mfpu=vfpv3 -mfloat-abi=hard -I../../standalone_bsp_0/ps7_cortexa9_0/include -MMD -MP -MF"src/DFTlib.d" -MT"src/DFTlib.o" -o "src/DFTlib.o" "../src/DFTlib.c"
../src/DFTlib.c: In function 'DFT':
../src/DFTlib.c:36:10: warning: unused variable 'a' [-Wunused-variable]
   double a = cos(1.2);
          ^
'Finished building: ../src/DFTlib.c'
' '
'Building file: ../src/Main.c'
'Invoking: ARM v7 gcc compiler'
arm-none-eabi-gcc -Wall -O0 -g3 -c -fmessage-length=0 -MT"src/Main.o" -mcpu=cortex-a9 -mfpu=vfpv3 -mfloat-abi=hard -I../../standalone_bsp_0/ps7_cortexa9_0/include -MMD -MP -MF"src/Main.d" -MT"src/Main.o" -o "src/Main.o" "../src/Main.c"
'Finished building: ../src/Main.c'
' '
'Building file: ../src/Microphone.c'
'Invoking: ARM v7 gcc compiler'
arm-none-eabi-gcc -Wall -O0 -g3 -c -fmessage-length=0 -MT"src/Microphone.o" -mcpu=cortex-a9 -mfpu=vfpv3 -mfloat-abi=hard -I../../standalone_bsp_0/ps7_cortexa9_0/include -MMD -MP -MF"src/Microphone.d" -MT"src/Microphone.o" -o "src/Microphone.o" "../src/Microphone.c"
'Finished building: ../src/Microphone.c'
' '
'Building file: ../src/RWUART.c'
'Invoking: ARM v7 gcc compiler'
arm-none-eabi-gcc -Wall -O0 -g3 -c -fmessage-length=0 -MT"src/RWUART.o" -mcpu=cortex-a9 -mfpu=vfpv3 -mfloat-abi=hard -I../../standalone_bsp_0/ps7_cortexa9_0/include -MMD -MP -MF"src/RWUART.d" -MT"src/RWUART.o" -o "src/RWUART.o" "../src/RWUART.c"
'Finished building: ../src/RWUART.c'
' '
'Building file: ../src/SSD_Driver.c'
'Invoking: ARM v7 gcc compiler'
arm-none-eabi-gcc -Wall -O0 -g3 -c -fmessage-length=0 -MT"src/SSD_Driver.o" -mcpu=cortex-a9 -mfpu=vfpv3 -mfloat-abi=hard -I../../standalone_bsp_0/ps7_cortexa9_0/include -MMD -MP -MF"src/SSD_Driver.d" -MT"src/SSD_Driver.o" -o "src/SSD_Driver.o" "../src/SSD_Driver.c"
'Finished building: ../src/SSD_Driver.c'
' '
'Building file: ../src/platform.c'
'Invoking: ARM v7 gcc compiler'
arm-none-eabi-gcc -Wall -O0 -g3 -c -fmessage-length=0 -MT"src/platform.o" -mcpu=cortex-a9 -mfpu=vfpv3 -mfloat-abi=hard -I../../standalone_bsp_0/ps7_cortexa9_0/include -MMD -MP -MF"src/platform.d" -MT"src/platform.o" -o "src/platform.o" "../src/platform.c"
'Finished building: ../src/platform.c'
' '
'Building target: AXI_Lite_Slave_Test_Bench_5.elf'
'Invoking: ARM v7 gcc linker'
arm-none-eabi-gcc -mcpu=cortex-a9 -mfpu=vfpv3 -mfloat-abi=hard -Wl,-build-id=none -specs=Xilinx.spec -Wl,-T -Wl,../src/lscript.ld -L../../standalone_bsp_0/ps7_cortexa9_0/lib -o "AXI_Lite_Slave_Test_Bench_5.elf"  ./src/DFTlib.o ./src/Main.o ./src/Microphone.o ./src/RWUART.o ./src/SSD_Driver.o ./src/platform.o   -lm -Wl,--start-group,-lxil,-lgcc,-lc,--end-group -Wl,--start-group,-lxil,-lmetal,-lgcc,-lc,--end-group
'Finished building target: AXI_Lite_Slave_Test_Bench_5.elf'
' '
'Invoking: ARM v7 Print Size'
arm-none-eabi-size AXI_Lite_Slave_Test_Bench_5.elf  |tee "AXI_Lite_Slave_Test_Bench_5.elf.size"
   text	   data	    bss	    dec	    hex	filename
  63626	   2584	  23328	  89538	  15dc2	AXI_Lite_Slave_Test_Bench_5.elf
'Finished building: AXI_Lite_Slave_Test_Bench_5.elf.size'
' '
14:44:58 **** Clean-only build of configuration Debug for project AXI_Lite_Slave_Test_Bench_5 ****
make clean 
rm -rf  ./src/DFTlib.o ./src/Main.o ./src/Microphone.o ./src/RWUART.o ./src/SSD_Driver.o ./src/platform.o  ./src/DFTlib.d ./src/Main.d ./src/Microphone.d ./src/RWUART.d ./src/SSD_Driver.d ./src/platform.d  AXI_Lite_Slave_Test_Bench_5.elf.size  AXI_Lite_Slave_Test_Bench_5.elf
' '
14:44:59 **** Auto Build of configuration Debug for project AXI_Lite_Slave_Test_Bench_5 ****
make pre-build main-build 
a9-linaro-pre-build-step
' '
'Building file: ../src/DFTlib.c'
'Invoking: ARM v7 gcc compiler'
arm-none-eabi-gcc -Wall -O0 -g3 -c -fmessage-length=0 -MT"src/DFTlib.o" -mcpu=cortex-a9 -mfpu=vfpv3 -mfloat-abi=hard -I../../standalone_bsp_0/ps7_cortexa9_0/include -MMD -MP -MF"src/DFTlib.d" -MT"src/DFTlib.o" -o "src/DFTlib.o" "../src/DFTlib.c"
../src/DFTlib.c: In function 'DFT':
../src/DFTlib.c:36:10: warning: unused variable 'a' [-Wunused-variable]
   double a = cos(1.2);
          ^
'Finished building: ../src/DFTlib.c'
' '
'Building file: ../src/Main.c'
'Invoking: ARM v7 gcc compiler'
arm-none-eabi-gcc -Wall -O0 -g3 -c -fmessage-length=0 -MT"src/Main.o" -mcpu=cortex-a9 -mfpu=vfpv3 -mfloat-abi=hard -I../../standalone_bsp_0/ps7_cortexa9_0/include -MMD -MP -MF"src/Main.d" -MT"src/Main.o" -o "src/Main.o" "../src/Main.c"
'Finished building: ../src/Main.c'
' '
'Building file: ../src/Microphone.c'
'Invoking: ARM v7 gcc compiler'
arm-none-eabi-gcc -Wall -O0 -g3 -c -fmessage-length=0 -MT"src/Microphone.o" -mcpu=cortex-a9 -mfpu=vfpv3 -mfloat-abi=hard -I../../standalone_bsp_0/ps7_cortexa9_0/include -MMD -MP -MF"src/Microphone.d" -MT"src/Microphone.o" -o "src/Microphone.o" "../src/Microphone.c"
'Finished building: ../src/Microphone.c'
' '
'Building file: ../src/RWUART.c'
'Invoking: ARM v7 gcc compiler'
arm-none-eabi-gcc -Wall -O0 -g3 -c -fmessage-length=0 -MT"src/RWUART.o" -mcpu=cortex-a9 -mfpu=vfpv3 -mfloat-abi=hard -I../../standalone_bsp_0/ps7_cortexa9_0/include -MMD -MP -MF"src/RWUART.d" -MT"src/RWUART.o" -o "src/RWUART.o" "../src/RWUART.c"
'Finished building: ../src/RWUART.c'
' '
'Building file: ../src/SSD_Driver.c'
'Invoking: ARM v7 gcc compiler'
arm-none-eabi-gcc -Wall -O0 -g3 -c -fmessage-length=0 -MT"src/SSD_Driver.o" -mcpu=cortex-a9 -mfpu=vfpv3 -mfloat-abi=hard -I../../standalone_bsp_0/ps7_cortexa9_0/include -MMD -MP -MF"src/SSD_Driver.d" -MT"src/SSD_Driver.o" -o "src/SSD_Driver.o" "../src/SSD_Driver.c"
'Finished building: ../src/SSD_Driver.c'
' '
'Building file: ../src/platform.c'
'Invoking: ARM v7 gcc compiler'
arm-none-eabi-gcc -Wall -O0 -g3 -c -fmessage-length=0 -MT"src/platform.o" -mcpu=cortex-a9 -mfpu=vfpv3 -mfloat-abi=hard -I../../standalone_bsp_0/ps7_cortexa9_0/include -MMD -MP -MF"src/platform.d" -MT"src/platform.o" -o "src/platform.o" "../src/platform.c"
'Finished building: ../src/platform.c'
' '
'Building target: AXI_Lite_Slave_Test_Bench_5.elf'
'Invoking: ARM v7 gcc linker'
arm-none-eabi-gcc -mcpu=cortex-a9 -mfpu=vfpv3 -mfloat-abi=hard -Wl,-build-id=none -specs=Xilinx.spec -Wl,-T -Wl,../src/lscript.ld -L../../standalone_bsp_0/ps7_cortexa9_0/lib -o "AXI_Lite_Slave_Test_Bench_5.elf"  ./src/DFTlib.o ./src/Main.o ./src/Microphone.o ./src/RWUART.o ./src/SSD_Driver.o ./src/platform.o   -lm -Wl,--start-group,-lxil,-lgcc,-lc,--end-group -Wl,--start-group,-lxil,-lmetal,-lgcc,-lc,--end-group
'Finished building target: AXI_Lite_Slave_Test_Bench_5.elf'
' '
'Invoking: ARM v7 Print Size'
arm-none-eabi-size AXI_Lite_Slave_Test_Bench_5.elf  |tee "AXI_Lite_Slave_Test_Bench_5.elf.size"
   text	   data	    bss	    dec	    hex	filename
  63626	   2584	  23328	  89538	  15dc2	AXI_Lite_Slave_Test_Bench_5.elf
'Finished building: AXI_Lite_Slave_Test_Bench_5.elf.size'
' '
14:45:17 **** Auto Build of configuration Debug for project AXI_Lite_Slave_Test_Bench_5 ****
make pre-build main-build 
a9-linaro-pre-build-step
' '
'Building file: ../src/DFTlib.c'
'Invoking: ARM v7 gcc compiler'
arm-none-eabi-gcc -Wall -O0 -g3 -c -fmessage-length=0 -MT"src/DFTlib.o" -mcpu=cortex-a9 -mfpu=vfpv3 -mfloat-abi=hard -I../../standalone_bsp_0/ps7_cortexa9_0/include -MMD -MP -MF"src/DFTlib.d" -MT"src/DFTlib.o" -o "src/DFTlib.o" "../src/DFTlib.c"
'Finished building: ../src/DFTlib.c'
' '
'Building target: AXI_Lite_Slave_Test_Bench_5.elf'
'Invoking: ARM v7 gcc linker'
arm-none-eabi-gcc -mcpu=cortex-a9 -mfpu=vfpv3 -mfloat-abi=hard -Wl,-build-id=none -specs=Xilinx.spec -Wl,-T -Wl,../src/lscript.ld -L../../standalone_bsp_0/ps7_cortexa9_0/lib -o "AXI_Lite_Slave_Test_Bench_5.elf"  ./src/DFTlib.o ./src/Main.o ./src/Microphone.o ./src/RWUART.o ./src/SSD_Driver.o ./src/platform.o   -lm -Wl,--start-group,-lxil,-lgcc,-lc,--end-group -Wl,--start-group,-lxil,-lmetal,-lgcc,-lc,--end-group
'Finished building target: AXI_Lite_Slave_Test_Bench_5.elf'
' '
'Invoking: ARM v7 Print Size'
arm-none-eabi-size AXI_Lite_Slave_Test_Bench_5.elf  |tee "AXI_Lite_Slave_Test_Bench_5.elf.size"
   text	   data	    bss	    dec	    hex	filename
  63548	   2584	  23328	  89460	  15d74	AXI_Lite_Slave_Test_Bench_5.elf
'Finished building: AXI_Lite_Slave_Test_Bench_5.elf.size'
' '
14:54:06 **** Auto Build of configuration Debug for project AXI_Lite_Slave_Test_Bench_5 ****
make pre-build main-build 
a9-linaro-pre-build-step
' '
'Building file: ../src/DFTlib.c'
'Invoking: ARM v7 gcc compiler'
arm-none-eabi-gcc -Wall -O0 -g3 -c -fmessage-length=0 -MT"src/DFTlib.o" -mcpu=cortex-a9 -mfpu=vfpv3 -mfloat-abi=hard -I../../standalone_bsp_0/ps7_cortexa9_0/include -MMD -MP -MF"src/DFTlib.d" -MT"src/DFTlib.o" -o "src/DFTlib.o" "../src/DFTlib.c"
'Finished building: ../src/DFTlib.c'
' '
'Building target: AXI_Lite_Slave_Test_Bench_5.elf'
'Invoking: ARM v7 gcc linker'
arm-none-eabi-gcc -mcpu=cortex-a9 -mfpu=vfpv3 -mfloat-abi=hard -Wl,-build-id=none -specs=Xilinx.spec -Wl,-T -Wl,../src/lscript.ld -L../../standalone_bsp_0/ps7_cortexa9_0/lib -o "AXI_Lite_Slave_Test_Bench_5.elf"  ./src/DFTlib.o ./src/Main.o ./src/Microphone.o ./src/RWUART.o ./src/SSD_Driver.o ./src/platform.o   -lm -Wl,--start-group,-lxil,-lgcc,-lc,--end-group -Wl,--start-group,-lxil,-lmetal,-lgcc,-lc,--end-group
'Finished building target: AXI_Lite_Slave_Test_Bench_5.elf'
' '
'Invoking: ARM v7 Print Size'
arm-none-eabi-size AXI_Lite_Slave_Test_Bench_5.elf  |tee "AXI_Lite_Slave_Test_Bench_5.elf.size"
   text	   data	    bss	    dec	    hex	filename
  63548	   2584	  23328	  89460	  15d74	AXI_Lite_Slave_Test_Bench_5.elf
'Finished building: AXI_Lite_Slave_Test_Bench_5.elf.size'
' '
14:54:08 **** Auto Build of configuration Debug for project AXI_Lite_Slave_Test_Bench_5 ****
make pre-build main-build 
a9-linaro-pre-build-step
' '
make: Nothing to be done for 'main-build'.
14:54:28 **** Auto Build of configuration Debug for project AXI_Lite_Slave_Test_Bench_5 ****
make pre-build main-build 
a9-linaro-pre-build-step
' '
'Building file: ../src/DFTlib.c'
'Invoking: ARM v7 gcc compiler'
arm-none-eabi-gcc -Wall -O0 -g3 -c -fmessage-length=0 -MT"src/DFTlib.o" -mcpu=cortex-a9 -mfpu=vfpv3 -mfloat-abi=hard -I../../standalone_bsp_0/ps7_cortexa9_0/include -MMD -MP -MF"src/DFTlib.d" -MT"src/DFTlib.o" -o "src/DFTlib.o" "../src/DFTlib.c"
In file included from ../src/DFTlib.c:9:
../src/DFTlib.h:15:23: error: empty character constant
  double Magnitude[512]''
                       ^~
../src/DFTlib.h:15:23: error: expected ':', ',', ';', '}' or '__attribute__' before '\x0'
make: *** [src/subdir.mk:38: src/DFTlib.o] Error 1
14:54:30 **** Auto Build of configuration Debug for project AXI_Lite_Slave_Test_Bench_5 ****
make pre-build main-build 
a9-linaro-pre-build-step
' '
'Building file: ../src/DFTlib.c'
'Invoking: ARM v7 gcc compiler'
arm-none-eabi-gcc -Wall -O0 -g3 -c -fmessage-length=0 -MT"src/DFTlib.o" -mcpu=cortex-a9 -mfpu=vfpv3 -mfloat-abi=hard -I../../standalone_bsp_0/ps7_cortexa9_0/include -MMD -MP -MF"src/DFTlib.d" -MT"src/DFTlib.o" -o "src/DFTlib.o" "../src/DFTlib.c"
'Finished building: ../src/DFTlib.c'
' '
'Building target: AXI_Lite_Slave_Test_Bench_5.elf'
'Invoking: ARM v7 gcc linker'
arm-none-eabi-gcc -mcpu=cortex-a9 -mfpu=vfpv3 -mfloat-abi=hard -Wl,-build-id=none -specs=Xilinx.spec -Wl,-T -Wl,../src/lscript.ld -L../../standalone_bsp_0/ps7_cortexa9_0/lib -o "AXI_Lite_Slave_Test_Bench_5.elf"  ./src/DFTlib.o ./src/Main.o ./src/Microphone.o ./src/RWUART.o ./src/SSD_Driver.o ./src/platform.o   -lm -Wl,--start-group,-lxil,-lgcc,-lc,--end-group -Wl,--start-group,-lxil,-lmetal,-lgcc,-lc,--end-group
'Finished building target: AXI_Lite_Slave_Test_Bench_5.elf'
' '
'Invoking: ARM v7 Print Size'
arm-none-eabi-size AXI_Lite_Slave_Test_Bench_5.elf  |tee "AXI_Lite_Slave_Test_Bench_5.elf.size"
   text	   data	    bss	    dec	    hex	filename
  63548	   2584	  23328	  89460	  15d74	AXI_Lite_Slave_Test_Bench_5.elf
'Finished building: AXI_Lite_Slave_Test_Bench_5.elf.size'
' '
14:54:55 **** Auto Build of configuration Debug for project AXI_Lite_Slave_Test_Bench_5 ****
make pre-build main-build 
a9-linaro-pre-build-step
' '
'Building file: ../src/DFTlib.c'
'Invoking: ARM v7 gcc compiler'
arm-none-eabi-gcc -Wall -O0 -g3 -c -fmessage-length=0 -MT"src/DFTlib.o" -mcpu=cortex-a9 -mfpu=vfpv3 -mfloat-abi=hard -I../../standalone_bsp_0/ps7_cortexa9_0/include -MMD -MP -MF"src/DFTlib.d" -MT"src/DFTlib.o" -o "src/DFTlib.o" "../src/DFTlib.c"
'Finished building: ../src/DFTlib.c'
' '
'Building target: AXI_Lite_Slave_Test_Bench_5.elf'
'Invoking: ARM v7 gcc linker'
arm-none-eabi-gcc -mcpu=cortex-a9 -mfpu=vfpv3 -mfloat-abi=hard -Wl,-build-id=none -specs=Xilinx.spec -Wl,-T -Wl,../src/lscript.ld -L../../standalone_bsp_0/ps7_cortexa9_0/lib -o "AXI_Lite_Slave_Test_Bench_5.elf"  ./src/DFTlib.o ./src/Main.o ./src/Microphone.o ./src/RWUART.o ./src/SSD_Driver.o ./src/platform.o   -lm -Wl,--start-group,-lxil,-lgcc,-lc,--end-group -Wl,--start-group,-lxil,-lmetal,-lgcc,-lc,--end-group
'Finished building target: AXI_Lite_Slave_Test_Bench_5.elf'
' '
'Invoking: ARM v7 Print Size'
arm-none-eabi-size AXI_Lite_Slave_Test_Bench_5.elf  |tee "AXI_Lite_Slave_Test_Bench_5.elf.size"
   text	   data	    bss	    dec	    hex	filename
  63626	   2584	  23328	  89538	  15dc2	AXI_Lite_Slave_Test_Bench_5.elf
'Finished building: AXI_Lite_Slave_Test_Bench_5.elf.size'
' '
14:55:16 **** Auto Build of configuration Debug for project AXI_Lite_Slave_Test_Bench_5 ****
make pre-build main-build 
a9-linaro-pre-build-step
' '
'Building file: ../src/DFTlib.c'
'Invoking: ARM v7 gcc compiler'
arm-none-eabi-gcc -Wall -O0 -g3 -c -fmessage-length=0 -MT"src/DFTlib.o" -mcpu=cortex-a9 -mfpu=vfpv3 -mfloat-abi=hard -I../../standalone_bsp_0/ps7_cortexa9_0/include -MMD -MP -MF"src/DFTlib.d" -MT"src/DFTlib.o" -o "src/DFTlib.o" "../src/DFTlib.c"
'Finished building: ../src/DFTlib.c'
' '
'Building target: AXI_Lite_Slave_Test_Bench_5.elf'
'Invoking: ARM v7 gcc linker'
arm-none-eabi-gcc -mcpu=cortex-a9 -mfpu=vfpv3 -mfloat-abi=hard -Wl,-build-id=none -specs=Xilinx.spec -Wl,-T -Wl,../src/lscript.ld -L../../standalone_bsp_0/ps7_cortexa9_0/lib -o "AXI_Lite_Slave_Test_Bench_5.elf"  ./src/DFTlib.o ./src/Main.o ./src/Microphone.o ./src/RWUART.o ./src/SSD_Driver.o ./src/platform.o   -lm -Wl,--start-group,-lxil,-lgcc,-lc,--end-group -Wl,--start-group,-lxil,-lmetal,-lgcc,-lc,--end-group
e:/xilinx/sdk/2019.1/gnu/aarch32/nt/gcc-arm-none-eabi/bin/../lib/gcc/arm-none-eabi/8.2.0/../../../../arm-none-eabi/bin/ld.exe: ./src/DFTlib.o: in function `DFT':
G:\Xilinx\Projects\Desktop\AXI_4_Lite_Slave\AXI_4_Lite_Slave.sdk\AXI_Lite_Slave_Test_Bench_5\Debug/../src/DFTlib.c:29: undefined reference to `InitializeDataStruct'
collect2.exe: error: ld returned 1 exit status
make: *** [makefile:41: AXI_Lite_Slave_Test_Bench_5.elf] Error 1
14:55:22 **** Auto Build of configuration Debug for project AXI_Lite_Slave_Test_Bench_5 ****
make pre-build main-build 
a9-linaro-pre-build-step
' '
'Building file: ../src/DFTlib.c'
'Invoking: ARM v7 gcc compiler'
arm-none-eabi-gcc -Wall -O0 -g3 -c -fmessage-length=0 -MT"src/DFTlib.o" -mcpu=cortex-a9 -mfpu=vfpv3 -mfloat-abi=hard -I../../standalone_bsp_0/ps7_cortexa9_0/include -MMD -MP -MF"src/DFTlib.d" -MT"src/DFTlib.o" -o "src/DFTlib.o" "../src/DFTlib.c"
../src/DFTlib.c: In function 'DFT':
../src/DFTlib.c:29:9: warning: implicit declaration of function 'InitializeDataStruct'; did you mean 'InitializeIQTypeStruct'? [-Wimplicit-function-declaration]
  data = InitializeDataStruct(data); // Init array to all 0's
         ^~~~~~~~~~~~~~~~~~~~
         InitializeIQTypeStruct
../src/DFTlib.c:29:7: error: incompatible types when assigning to type 'struct IQType' from type 'int'
  data = InitializeDataStruct(data); // Init array to all 0's
       ^
make: *** [src/subdir.mk:38: src/DFTlib.o] Error 1
14:55:23 **** Auto Build of configuration Debug for project AXI_Lite_Slave_Test_Bench_5 ****
make pre-build main-build 
a9-linaro-pre-build-step
' '
'Building file: ../src/DFTlib.c'
'Invoking: ARM v7 gcc compiler'
arm-none-eabi-gcc -Wall -O0 -g3 -c -fmessage-length=0 -MT"src/DFTlib.o" -mcpu=cortex-a9 -mfpu=vfpv3 -mfloat-abi=hard -I../../standalone_bsp_0/ps7_cortexa9_0/include -MMD -MP -MF"src/DFTlib.d" -MT"src/DFTlib.o" -o "src/DFTlib.o" "../src/DFTlib.c"
'Finished building: ../src/DFTlib.c'
' '
'Building target: AXI_Lite_Slave_Test_Bench_5.elf'
'Invoking: ARM v7 gcc linker'
arm-none-eabi-gcc -mcpu=cortex-a9 -mfpu=vfpv3 -mfloat-abi=hard -Wl,-build-id=none -specs=Xilinx.spec -Wl,-T -Wl,../src/lscript.ld -L../../standalone_bsp_0/ps7_cortexa9_0/lib -o "AXI_Lite_Slave_Test_Bench_5.elf"  ./src/DFTlib.o ./src/Main.o ./src/Microphone.o ./src/RWUART.o ./src/SSD_Driver.o ./src/platform.o   -lm -Wl,--start-group,-lxil,-lgcc,-lc,--end-group -Wl,--start-group,-lxil,-lmetal,-lgcc,-lc,--end-group
'Finished building target: AXI_Lite_Slave_Test_Bench_5.elf'
' '
'Invoking: ARM v7 Print Size'
arm-none-eabi-size AXI_Lite_Slave_Test_Bench_5.elf  |tee "AXI_Lite_Slave_Test_Bench_5.elf.size"
   text	   data	    bss	    dec	    hex	filename
  63626	   2584	  23328	  89538	  15dc2	AXI_Lite_Slave_Test_Bench_5.elf
'Finished building: AXI_Lite_Slave_Test_Bench_5.elf.size'
' '
15:11:45 **** Auto Build of configuration Debug for project AXI_Lite_Slave_Test_Bench_5 ****
make pre-build main-build 
a9-linaro-pre-build-step
' '
'Building file: ../src/DFTlib.c'
'Invoking: ARM v7 gcc compiler'
arm-none-eabi-gcc -Wall -O0 -g3 -c -fmessage-length=0 -MT"src/DFTlib.o" -mcpu=cortex-a9 -mfpu=vfpv3 -mfloat-abi=hard -I../../standalone_bsp_0/ps7_cortexa9_0/include -MMD -MP -MF"src/DFTlib.d" -MT"src/DFTlib.o" -o "src/DFTlib.o" "../src/DFTlib.c"
../src/DFTlib.c: In function 'DFT':
../src/DFTlib.c:48:3: error: too few arguments to function 'sqrt'
   sqrt();
   ^~~~
In file included from ../src/DFTlib.c:8:
e:\xilinx\sdk\2019.1\gnu\aarch32\nt\gcc-arm-none-eabi\arm-none-eabi\libc\usr\include\math.h:112:15: note: declared here
 extern double sqrt (double);
               ^~~~
make: *** [src/subdir.mk:38: src/DFTlib.o] Error 1
15:12:16 **** Auto Build of configuration Debug for project AXI_Lite_Slave_Test_Bench_5 ****
make pre-build main-build 
a9-linaro-pre-build-step
' '
'Building file: ../src/DFTlib.c'
'Invoking: ARM v7 gcc compiler'
arm-none-eabi-gcc -Wall -O0 -g3 -c -fmessage-length=0 -MT"src/DFTlib.o" -mcpu=cortex-a9 -mfpu=vfpv3 -mfloat-abi=hard -I../../standalone_bsp_0/ps7_cortexa9_0/include -MMD -MP -MF"src/DFTlib.d" -MT"src/DFTlib.o" -o "src/DFTlib.o" "../src/DFTlib.c"
../src/DFTlib.c: In function 'DFT':
../src/DFTlib.c:48:3: error: too few arguments to function 'pow'
   pow();
   ^~~
In file included from ../src/DFTlib.c:8:
e:\xilinx\sdk\2019.1\gnu\aarch32\nt\gcc-arm-none-eabi\arm-none-eabi\libc\usr\include\math.h:111:15: note: declared here
 extern double pow (double, double);
               ^~~
../src/DFTlib.c:49:30: error: incompatible type for argument 1 of 'sqrt'
   data.Magnitude = sqrt((data.I));
                         ~~~~~^~~
In file included from ../src/DFTlib.c:8:
e:\xilinx\sdk\2019.1\gnu\aarch32\nt\gcc-arm-none-eabi\arm-none-eabi\libc\usr\include\math.h:112:21: note: expected 'double' but argument is of type 'double *'
 extern double sqrt (double);
                     ^~~~~~
make: *** [src/subdir.mk:38: src/DFTlib.o] Error 1
15:12:58 **** Auto Build of configuration Debug for project AXI_Lite_Slave_Test_Bench_5 ****
make pre-build main-build 
a9-linaro-pre-build-step
' '
'Building file: ../src/DFTlib.c'
'Invoking: ARM v7 gcc compiler'
arm-none-eabi-gcc -Wall -O0 -g3 -c -fmessage-length=0 -MT"src/DFTlib.o" -mcpu=cortex-a9 -mfpu=vfpv3 -mfloat-abi=hard -I../../standalone_bsp_0/ps7_cortexa9_0/include -MMD -MP -MF"src/DFTlib.d" -MT"src/DFTlib.o" -o "src/DFTlib.o" "../src/DFTlib.c"
../src/DFTlib.c: In function 'DFT':
../src/DFTlib.c:48:18: error: assignment to expression with array type
   data.Magnitude = sqrt(pow(data.I[i],2) + pow(data.Q[i],2));
                  ^
make: *** [src/subdir.mk:38: src/DFTlib.o] Error 1
15:13:09 **** Auto Build of configuration Debug for project AXI_Lite_Slave_Test_Bench_5 ****
make pre-build main-build 
a9-linaro-pre-build-step
' '
'Building file: ../src/DFTlib.c'
'Invoking: ARM v7 gcc compiler'
arm-none-eabi-gcc -Wall -O0 -g3 -c -fmessage-length=0 -MT"src/DFTlib.o" -mcpu=cortex-a9 -mfpu=vfpv3 -mfloat-abi=hard -I../../standalone_bsp_0/ps7_cortexa9_0/include -MMD -MP -MF"src/DFTlib.d" -MT"src/DFTlib.o" -o "src/DFTlib.o" "../src/DFTlib.c"
'Finished building: ../src/DFTlib.c'
' '
'Building target: AXI_Lite_Slave_Test_Bench_5.elf'
'Invoking: ARM v7 gcc linker'
arm-none-eabi-gcc -mcpu=cortex-a9 -mfpu=vfpv3 -mfloat-abi=hard -Wl,-build-id=none -specs=Xilinx.spec -Wl,-T -Wl,../src/lscript.ld -L../../standalone_bsp_0/ps7_cortexa9_0/lib -o "AXI_Lite_Slave_Test_Bench_5.elf"  ./src/DFTlib.o ./src/Main.o ./src/Microphone.o ./src/RWUART.o ./src/SSD_Driver.o ./src/platform.o   -lm -Wl,--start-group,-lxil,-lgcc,-lc,--end-group -Wl,--start-group,-lxil,-lmetal,-lgcc,-lc,--end-group
'Finished building target: AXI_Lite_Slave_Test_Bench_5.elf'
' '
'Invoking: ARM v7 Print Size'
arm-none-eabi-size AXI_Lite_Slave_Test_Bench_5.elf  |tee "AXI_Lite_Slave_Test_Bench_5.elf.size"
   text	   data	    bss	    dec	    hex	filename
  67144	   2584	  23328	  93056	  16b80	AXI_Lite_Slave_Test_Bench_5.elf
'Finished building: AXI_Lite_Slave_Test_Bench_5.elf.size'
' '
15:13:46 **** Auto Build of configuration Debug for project AXI_Lite_Slave_Test_Bench_5 ****
make pre-build main-build 
a9-linaro-pre-build-step
' '
'Building file: ../src/DFTlib.c'
'Invoking: ARM v7 gcc compiler'
arm-none-eabi-gcc -Wall -O0 -g3 -c -fmessage-length=0 -MT"src/DFTlib.o" -mcpu=cortex-a9 -mfpu=vfpv3 -mfloat-abi=hard -I../../standalone_bsp_0/ps7_cortexa9_0/include -MMD -MP -MF"src/DFTlib.d" -MT"src/DFTlib.o" -o "src/DFTlib.o" "../src/DFTlib.c"
'Finished building: ../src/DFTlib.c'
' '
'Building target: AXI_Lite_Slave_Test_Bench_5.elf'
'Invoking: ARM v7 gcc linker'
arm-none-eabi-gcc -mcpu=cortex-a9 -mfpu=vfpv3 -mfloat-abi=hard -Wl,-build-id=none -specs=Xilinx.spec -Wl,-T -Wl,../src/lscript.ld -L../../standalone_bsp_0/ps7_cortexa9_0/lib -o "AXI_Lite_Slave_Test_Bench_5.elf"  ./src/DFTlib.o ./src/Main.o ./src/Microphone.o ./src/RWUART.o ./src/SSD_Driver.o ./src/platform.o   -lm -Wl,--start-group,-lxil,-lgcc,-lc,--end-group -Wl,--start-group,-lxil,-lmetal,-lgcc,-lc,--end-group
'Finished building target: AXI_Lite_Slave_Test_Bench_5.elf'
' '
'Invoking: ARM v7 Print Size'
arm-none-eabi-size AXI_Lite_Slave_Test_Bench_5.elf  |tee "AXI_Lite_Slave_Test_Bench_5.elf.size"
   text	   data	    bss	    dec	    hex	filename
  67208	   2584	  23328	  93120	  16bc0	AXI_Lite_Slave_Test_Bench_5.elf
'Finished building: AXI_Lite_Slave_Test_Bench_5.elf.size'
' '
15:15:00 **** Auto Build of configuration Debug for project AXI_Lite_Slave_Test_Bench_5 ****
make pre-build main-build 
a9-linaro-pre-build-step
' '
'Building file: ../src/DFTlib.c'
'Invoking: ARM v7 gcc compiler'
arm-none-eabi-gcc -Wall -O0 -g3 -c -fmessage-length=0 -MT"src/DFTlib.o" -mcpu=cortex-a9 -mfpu=vfpv3 -mfloat-abi=hard -I../../standalone_bsp_0/ps7_cortexa9_0/include -MMD -MP -MF"src/DFTlib.d" -MT"src/DFTlib.o" -o "src/DFTlib.o" "../src/DFTlib.c"
../src/DFTlib.c:56:26: error: unknown type name 'IQType'
 struct IQType PeakSearch(IQType data){
                          ^~~~~~
make: *** [src/subdir.mk:38: src/DFTlib.o] Error 1
15:15:27 **** Auto Build of configuration Debug for project AXI_Lite_Slave_Test_Bench_5 ****
make pre-build main-build 
a9-linaro-pre-build-step
' '
'Building file: ../src/DFTlib.c'
'Invoking: ARM v7 gcc compiler'
arm-none-eabi-gcc -Wall -O0 -g3 -c -fmessage-length=0 -MT"src/DFTlib.o" -mcpu=cortex-a9 -mfpu=vfpv3 -mfloat-abi=hard -I../../standalone_bsp_0/ps7_cortexa9_0/include -MMD -MP -MF"src/DFTlib.d" -MT"src/DFTlib.o" -o "src/DFTlib.o" "../src/DFTlib.c"
../src/DFTlib.c:56:19: error: unknown type name 'IQType'
 double PeakSearch(IQType data){
                   ^~~~~~
make: *** [src/subdir.mk:38: src/DFTlib.o] Error 1
15:15:33 **** Auto Build of configuration Debug for project AXI_Lite_Slave_Test_Bench_5 ****
make pre-build main-build 
a9-linaro-pre-build-step
' '
'Building file: ../src/DFTlib.c'
'Invoking: ARM v7 gcc compiler'
arm-none-eabi-gcc -Wall -O0 -g3 -c -fmessage-length=0 -MT"src/DFTlib.o" -mcpu=cortex-a9 -mfpu=vfpv3 -mfloat-abi=hard -I../../standalone_bsp_0/ps7_cortexa9_0/include -MMD -MP -MF"src/DFTlib.d" -MT"src/DFTlib.o" -o "src/DFTlib.o" "../src/DFTlib.c"
'Finished building: ../src/DFTlib.c'
' '
'Building target: AXI_Lite_Slave_Test_Bench_5.elf'
'Invoking: ARM v7 gcc linker'
arm-none-eabi-gcc -mcpu=cortex-a9 -mfpu=vfpv3 -mfloat-abi=hard -Wl,-build-id=none -specs=Xilinx.spec -Wl,-T -Wl,../src/lscript.ld -L../../standalone_bsp_0/ps7_cortexa9_0/lib -o "AXI_Lite_Slave_Test_Bench_5.elf"  ./src/DFTlib.o ./src/Main.o ./src/Microphone.o ./src/RWUART.o ./src/SSD_Driver.o ./src/platform.o   -lm -Wl,--start-group,-lxil,-lgcc,-lc,--end-group -Wl,--start-group,-lxil,-lmetal,-lgcc,-lc,--end-group
'Finished building target: AXI_Lite_Slave_Test_Bench_5.elf'
' '
'Invoking: ARM v7 Print Size'
arm-none-eabi-size AXI_Lite_Slave_Test_Bench_5.elf  |tee "AXI_Lite_Slave_Test_Bench_5.elf.size"
   text	   data	    bss	    dec	    hex	filename
  67272	   2584	  23328	  93184	  16c00	AXI_Lite_Slave_Test_Bench_5.elf
'Finished building: AXI_Lite_Slave_Test_Bench_5.elf.size'
' '
15:16:09 **** Auto Build of configuration Debug for project AXI_Lite_Slave_Test_Bench_5 ****
make pre-build main-build 
a9-linaro-pre-build-step
' '
'Building file: ../src/DFTlib.c'
'Invoking: ARM v7 gcc compiler'
arm-none-eabi-gcc -Wall -O0 -g3 -c -fmessage-length=0 -MT"src/DFTlib.o" -mcpu=cortex-a9 -mfpu=vfpv3 -mfloat-abi=hard -I../../standalone_bsp_0/ps7_cortexa9_0/include -MMD -MP -MF"src/DFTlib.d" -MT"src/DFTlib.o" -o "src/DFTlib.o" "../src/DFTlib.c"
'Finished building: ../src/DFTlib.c'
' '
'Building target: AXI_Lite_Slave_Test_Bench_5.elf'
'Invoking: ARM v7 gcc linker'
arm-none-eabi-gcc -mcpu=cortex-a9 -mfpu=vfpv3 -mfloat-abi=hard -Wl,-build-id=none -specs=Xilinx.spec -Wl,-T -Wl,../src/lscript.ld -L../../standalone_bsp_0/ps7_cortexa9_0/lib -o "AXI_Lite_Slave_Test_Bench_5.elf"  ./src/DFTlib.o ./src/Main.o ./src/Microphone.o ./src/RWUART.o ./src/SSD_Driver.o ./src/platform.o   -lm -Wl,--start-group,-lxil,-lgcc,-lc,--end-group -Wl,--start-group,-lxil,-lmetal,-lgcc,-lc,--end-group
'Finished building target: AXI_Lite_Slave_Test_Bench_5.elf'
' '
'Invoking: ARM v7 Print Size'
arm-none-eabi-size AXI_Lite_Slave_Test_Bench_5.elf  |tee "AXI_Lite_Slave_Test_Bench_5.elf.size"
   text	   data	    bss	    dec	    hex	filename
  67272	   2584	  23328	  93184	  16c00	AXI_Lite_Slave_Test_Bench_5.elf
'Finished building: AXI_Lite_Slave_Test_Bench_5.elf.size'
' '
15:18:11 **** Auto Build of configuration Debug for project AXI_Lite_Slave_Test_Bench_5 ****
make pre-build main-build 
a9-linaro-pre-build-step
' '
'Building file: ../src/DFTlib.c'
'Invoking: ARM v7 gcc compiler'
arm-none-eabi-gcc -Wall -O0 -g3 -c -fmessage-length=0 -MT"src/DFTlib.o" -mcpu=cortex-a9 -mfpu=vfpv3 -mfloat-abi=hard -I../../standalone_bsp_0/ps7_cortexa9_0/include -MMD -MP -MF"src/DFTlib.d" -MT"src/DFTlib.o" -o "src/DFTlib.o" "../src/DFTlib.c"
'Finished building: ../src/DFTlib.c'
' '
'Building target: AXI_Lite_Slave_Test_Bench_5.elf'
'Invoking: ARM v7 gcc linker'
arm-none-eabi-gcc -mcpu=cortex-a9 -mfpu=vfpv3 -mfloat-abi=hard -Wl,-build-id=none -specs=Xilinx.spec -Wl,-T -Wl,../src/lscript.ld -L../../standalone_bsp_0/ps7_cortexa9_0/lib -o "AXI_Lite_Slave_Test_Bench_5.elf"  ./src/DFTlib.o ./src/Main.o ./src/Microphone.o ./src/RWUART.o ./src/SSD_Driver.o ./src/platform.o   -lm -Wl,--start-group,-lxil,-lgcc,-lc,--end-group -Wl,--start-group,-lxil,-lmetal,-lgcc,-lc,--end-group
'Finished building target: AXI_Lite_Slave_Test_Bench_5.elf'
' '
'Invoking: ARM v7 Print Size'
arm-none-eabi-size AXI_Lite_Slave_Test_Bench_5.elf  |tee "AXI_Lite_Slave_Test_Bench_5.elf.size"
   text	   data	    bss	    dec	    hex	filename
  67272	   2584	  23328	  93184	  16c00	AXI_Lite_Slave_Test_Bench_5.elf
'Finished building: AXI_Lite_Slave_Test_Bench_5.elf.size'
' '
15:23:11 **** Auto Build of configuration Debug for project AXI_Lite_Slave_Test_Bench_5 ****
make pre-build main-build 
a9-linaro-pre-build-step
' '
'Building file: ../src/DFTlib.c'
'Invoking: ARM v7 gcc compiler'
arm-none-eabi-gcc -Wall -O0 -g3 -c -fmessage-length=0 -MT"src/DFTlib.o" -mcpu=cortex-a9 -mfpu=vfpv3 -mfloat-abi=hard -I../../standalone_bsp_0/ps7_cortexa9_0/include -MMD -MP -MF"src/DFTlib.d" -MT"src/DFTlib.o" -o "src/DFTlib.o" "../src/DFTlib.c"
'Finished building: ../src/DFTlib.c'
' '
'Building target: AXI_Lite_Slave_Test_Bench_5.elf'
'Invoking: ARM v7 gcc linker'
arm-none-eabi-gcc -mcpu=cortex-a9 -mfpu=vfpv3 -mfloat-abi=hard -Wl,-build-id=none -specs=Xilinx.spec -Wl,-T -Wl,../src/lscript.ld -L../../standalone_bsp_0/ps7_cortexa9_0/lib -o "AXI_Lite_Slave_Test_Bench_5.elf"  ./src/DFTlib.o ./src/Main.o ./src/Microphone.o ./src/RWUART.o ./src/SSD_Driver.o ./src/platform.o   -lm -Wl,--start-group,-lxil,-lgcc,-lc,--end-group -Wl,--start-group,-lxil,-lmetal,-lgcc,-lc,--end-group
'Finished building target: AXI_Lite_Slave_Test_Bench_5.elf'
' '
'Invoking: ARM v7 Print Size'
arm-none-eabi-size AXI_Lite_Slave_Test_Bench_5.elf  |tee "AXI_Lite_Slave_Test_Bench_5.elf.size"
   text	   data	    bss	    dec	    hex	filename
  67272	   2584	  23328	  93184	  16c00	AXI_Lite_Slave_Test_Bench_5.elf
'Finished building: AXI_Lite_Slave_Test_Bench_5.elf.size'
' '
15:24:00 **** Auto Build of configuration Debug for project AXI_Lite_Slave_Test_Bench_5 ****
make pre-build main-build 
a9-linaro-pre-build-step
' '
'Building file: ../src/DFTlib.c'
'Invoking: ARM v7 gcc compiler'
arm-none-eabi-gcc -Wall -O0 -g3 -c -fmessage-length=0 -MT"src/DFTlib.o" -mcpu=cortex-a9 -mfpu=vfpv3 -mfloat-abi=hard -I../../standalone_bsp_0/ps7_cortexa9_0/include -MMD -MP -MF"src/DFTlib.d" -MT"src/DFTlib.o" -o "src/DFTlib.o" "../src/DFTlib.c"
'Finished building: ../src/DFTlib.c'
' '
'Building target: AXI_Lite_Slave_Test_Bench_5.elf'
'Invoking: ARM v7 gcc linker'
arm-none-eabi-gcc -mcpu=cortex-a9 -mfpu=vfpv3 -mfloat-abi=hard -Wl,-build-id=none -specs=Xilinx.spec -Wl,-T -Wl,../src/lscript.ld -L../../standalone_bsp_0/ps7_cortexa9_0/lib -o "AXI_Lite_Slave_Test_Bench_5.elf"  ./src/DFTlib.o ./src/Main.o ./src/Microphone.o ./src/RWUART.o ./src/SSD_Driver.o ./src/platform.o   -lm -Wl,--start-group,-lxil,-lgcc,-lc,--end-group -Wl,--start-group,-lxil,-lmetal,-lgcc,-lc,--end-group
'Finished building target: AXI_Lite_Slave_Test_Bench_5.elf'
' '
'Invoking: ARM v7 Print Size'
arm-none-eabi-size AXI_Lite_Slave_Test_Bench_5.elf  |tee "AXI_Lite_Slave_Test_Bench_5.elf.size"
   text	   data	    bss	    dec	    hex	filename
  67336	   2584	  23328	  93248	  16c40	AXI_Lite_Slave_Test_Bench_5.elf
'Finished building: AXI_Lite_Slave_Test_Bench_5.elf.size'
' '
15:25:27 **** Auto Build of configuration Debug for project AXI_Lite_Slave_Test_Bench_5 ****
make pre-build main-build 
a9-linaro-pre-build-step
' '
'Building file: ../src/Main.c'
'Invoking: ARM v7 gcc compiler'
arm-none-eabi-gcc -Wall -O0 -g3 -c -fmessage-length=0 -MT"src/Main.o" -mcpu=cortex-a9 -mfpu=vfpv3 -mfloat-abi=hard -I../../standalone_bsp_0/ps7_cortexa9_0/include -MMD -MP -MF"src/Main.d" -MT"src/Main.o" -o "src/Main.o" "../src/Main.c"
../src/Main.c: In function 'main':
../src/Main.c:81:16: error: storage size of 'data' isn't known
  struct IQType data;
                ^~~~
../src/Main.c:81:16: warning: unused variable 'data' [-Wunused-variable]
make: *** [src/subdir.mk:38: src/Main.o] Error 1
15:25:38 **** Auto Build of configuration Debug for project AXI_Lite_Slave_Test_Bench_5 ****
make pre-build main-build 
a9-linaro-pre-build-step
' '
'Building file: ../src/Main.c'
'Invoking: ARM v7 gcc compiler'
arm-none-eabi-gcc -Wall -O0 -g3 -c -fmessage-length=0 -MT"src/Main.o" -mcpu=cortex-a9 -mfpu=vfpv3 -mfloat-abi=hard -I../../standalone_bsp_0/ps7_cortexa9_0/include -MMD -MP -MF"src/Main.d" -MT"src/Main.o" -o "src/Main.o" "../src/Main.c"
../src/Main.c: In function 'main':
../src/Main.c:81:16: error: storage size of 'rawData' isn't known
  struct IQType rawData;
                ^~~~~~~
../src/Main.c:81:16: warning: unused variable 'rawData' [-Wunused-variable]
make: *** [src/subdir.mk:38: src/Main.o] Error 1
15:26:31 **** Auto Build of configuration Debug for project AXI_Lite_Slave_Test_Bench_5 ****
make pre-build main-build 
a9-linaro-pre-build-step
' '
'Building file: ../src/DFTlib.c'
'Invoking: ARM v7 gcc compiler'
arm-none-eabi-gcc -Wall -O0 -g3 -c -fmessage-length=0 -MT"src/DFTlib.o" -mcpu=cortex-a9 -mfpu=vfpv3 -mfloat-abi=hard -I../../standalone_bsp_0/ps7_cortexa9_0/include -MMD -MP -MF"src/DFTlib.d" -MT"src/DFTlib.o" -o "src/DFTlib.o" "../src/DFTlib.c"
../src/DFTlib.c: In function 'PeakSearch':
../src/DFTlib.c:11:57: error: expected '=', ',', ';', 'asm' or '__attribute__' before '{' token
 struct IQType InitializeIQTypeStruct(struct IQType data){
                                                         ^
../src/DFTlib.c:27:36: error: expected '=', ',', ';', 'asm' or '__attribute__' before '{' token
 struct IQType DFT(double samples[]){
                                    ^
../src/DFTlib.c:60:38: error: expected '=', ',', ';', 'asm' or '__attribute__' before '{' token
 double PeakSearch(struct IQType data){
                                      ^
../src/DFTlib.c:68: error: expected '{' at end of input
../src/DFTlib.c:67:1: warning: control reaches end of non-void function [-Wreturn-type]
 }
 ^
make: *** [src/subdir.mk:38: src/DFTlib.o] Error 1
15:26:33 **** Auto Build of configuration Debug for project AXI_Lite_Slave_Test_Bench_5 ****
make pre-build main-build 
a9-linaro-pre-build-step
' '
'Building file: ../src/DFTlib.c'
'Invoking: ARM v7 gcc compiler'
arm-none-eabi-gcc -Wall -O0 -g3 -c -fmessage-length=0 -MT"src/DFTlib.o" -mcpu=cortex-a9 -mfpu=vfpv3 -mfloat-abi=hard -I../../standalone_bsp_0/ps7_cortexa9_0/include -MMD -MP -MF"src/DFTlib.d" -MT"src/DFTlib.o" -o "src/DFTlib.o" "../src/DFTlib.c"
'Finished building: ../src/DFTlib.c'
' '
'Building file: ../src/Main.c'
'Invoking: ARM v7 gcc compiler'
arm-none-eabi-gcc -Wall -O0 -g3 -c -fmessage-length=0 -MT"src/Main.o" -mcpu=cortex-a9 -mfpu=vfpv3 -mfloat-abi=hard -I../../standalone_bsp_0/ps7_cortexa9_0/include -MMD -MP -MF"src/Main.d" -MT"src/Main.o" -o "src/Main.o" "../src/Main.c"
../src/Main.c: In function 'main':
../src/Main.c:81:16: error: storage size of 'rawData' isn't known
  struct IQType rawData;
                ^~~~~~~
../src/Main.c:81:16: warning: unused variable 'rawData' [-Wunused-variable]
make: *** [src/subdir.mk:38: src/Main.o] Error 1
15:27:55 **** Auto Build of configuration Debug for project AXI_Lite_Slave_Test_Bench_5 ****
make pre-build main-build 
a9-linaro-pre-build-step
' '
'Building file: ../src/Main.c'
'Invoking: ARM v7 gcc compiler'
arm-none-eabi-gcc -Wall -O0 -g3 -c -fmessage-length=0 -MT"src/Main.o" -mcpu=cortex-a9 -mfpu=vfpv3 -mfloat-abi=hard -I../../standalone_bsp_0/ps7_cortexa9_0/include -MMD -MP -MF"src/Main.d" -MT"src/Main.o" -o "src/Main.o" "../src/Main.c"
../src/Main.c: In function 'main':
../src/Main.c:94:2: warning: implicit declaration of function 'DFT' [-Wimplicit-function-declaration]
  DFT(samples[]);
  ^~~
../src/Main.c:94:14: error: expected expression before ']' token
  DFT(samples[]);
              ^
../src/Main.c:79:9: warning: variable 'samples' set but not used [-Wunused-but-set-variable]
  double samples[1024];
         ^~~~~~~
make: *** [src/subdir.mk:38: src/Main.o] Error 1
15:28:02 **** Auto Build of configuration Debug for project AXI_Lite_Slave_Test_Bench_5 ****
make pre-build main-build 
a9-linaro-pre-build-step
' '
'Building file: ../src/Main.c'
'Invoking: ARM v7 gcc compiler'
arm-none-eabi-gcc -Wall -O0 -g3 -c -fmessage-length=0 -MT"src/Main.o" -mcpu=cortex-a9 -mfpu=vfpv3 -mfloat-abi=hard -I../../standalone_bsp_0/ps7_cortexa9_0/include -MMD -MP -MF"src/Main.d" -MT"src/Main.o" -o "src/Main.o" "../src/Main.c"
../src/Main.c: In function 'main':
../src/Main.c:94:2: warning: implicit declaration of function 'DFT' [-Wimplicit-function-declaration]
  DFT(samples);
  ^~~
'Finished building: ../src/Main.c'
' '
'Building target: AXI_Lite_Slave_Test_Bench_5.elf'
'Invoking: ARM v7 gcc linker'
arm-none-eabi-gcc -mcpu=cortex-a9 -mfpu=vfpv3 -mfloat-abi=hard -Wl,-build-id=none -specs=Xilinx.spec -Wl,-T -Wl,../src/lscript.ld -L../../standalone_bsp_0/ps7_cortexa9_0/lib -o "AXI_Lite_Slave_Test_Bench_5.elf"  ./src/DFTlib.o ./src/Main.o ./src/Microphone.o ./src/RWUART.o ./src/SSD_Driver.o ./src/platform.o   -lm -Wl,--start-group,-lxil,-lgcc,-lc,--end-group -Wl,--start-group,-lxil,-lmetal,-lgcc,-lc,--end-group
'Finished building target: AXI_Lite_Slave_Test_Bench_5.elf'
' '
'Invoking: ARM v7 Print Size'
arm-none-eabi-size AXI_Lite_Slave_Test_Bench_5.elf  |tee "AXI_Lite_Slave_Test_Bench_5.elf.size"
   text	   data	    bss	    dec	    hex	filename
  67152	   2584	  23328	  93064	  16b88	AXI_Lite_Slave_Test_Bench_5.elf
'Finished building: AXI_Lite_Slave_Test_Bench_5.elf.size'
' '
15:28:20 **** Auto Build of configuration Debug for project AXI_Lite_Slave_Test_Bench_5 ****
make pre-build main-build 
a9-linaro-pre-build-step
' '
'Building file: ../src/Main.c'
'Invoking: ARM v7 gcc compiler'
arm-none-eabi-gcc -Wall -O0 -g3 -c -fmessage-length=0 -MT"src/Main.o" -mcpu=cortex-a9 -mfpu=vfpv3 -mfloat-abi=hard -I../../standalone_bsp_0/ps7_cortexa9_0/include -MMD -MP -MF"src/Main.d" -MT"src/Main.o" -o "src/Main.o" "../src/Main.c"
../src/Main.c: In function 'main':
../src/Main.c:94:9: error: variable 'data' has initializer but incomplete type
  struct IQType data = DFT(samples);
         ^~~~~~
../src/Main.c:94:23: warning: implicit declaration of function 'DFT' [-Wimplicit-function-declaration]
  struct IQType data = DFT(samples);
                       ^~~
../src/Main.c:94:16: error: storage size of 'data' isn't known
  struct IQType data = DFT(samples);
                ^~~~
../src/Main.c:94:16: warning: unused variable 'data' [-Wunused-variable]
make: *** [src/subdir.mk:38: src/Main.o] Error 1
15:49:03 **** Auto Build of configuration Debug for project AXI_Lite_Slave_Test_Bench_5 ****
make pre-build main-build 
a9-linaro-pre-build-step
' '
'Building file: ../src/Main.c'
'Invoking: ARM v7 gcc compiler'
arm-none-eabi-gcc -Wall -O0 -g3 -c -fmessage-length=0 -MT"src/Main.o" -mcpu=cortex-a9 -mfpu=vfpv3 -mfloat-abi=hard -I../../standalone_bsp_0/ps7_cortexa9_0/include -MMD -MP -MF"src/Main.d" -MT"src/Main.o" -o "src/Main.o" "../src/Main.c"
../src/Main.c: In function 'main':
../src/Main.c:93:3: error: unknown type name 'IQType'
   IQType data = DFT(samples);
   ^~~~~~
../src/Main.c:93:17: warning: implicit declaration of function 'DFT' [-Wimplicit-function-declaration]
   IQType data = DFT(samples);
                 ^~~
../src/Main.c:93:10: warning: unused variable 'data' [-Wunused-variable]
   IQType data = DFT(samples);
          ^~~~
make: *** [src/subdir.mk:38: src/Main.o] Error 1
15:49:06 **** Auto Build of configuration Debug for project AXI_Lite_Slave_Test_Bench_5 ****
make pre-build main-build 
a9-linaro-pre-build-step
' '
'Building file: ../src/Main.c'
'Invoking: ARM v7 gcc compiler'
arm-none-eabi-gcc -Wall -O0 -g3 -c -fmessage-length=0 -MT"src/Main.o" -mcpu=cortex-a9 -mfpu=vfpv3 -mfloat-abi=hard -I../../standalone_bsp_0/ps7_cortexa9_0/include -MMD -MP -MF"src/Main.d" -MT"src/Main.o" -o "src/Main.o" "../src/Main.c"
../src/Main.c: In function 'main':
../src/Main.c:93:10: error: variable 'data' has initializer but incomplete type
   struct IQType data = DFT(samples);
          ^~~~~~
../src/Main.c:93:24: warning: implicit declaration of function 'DFT' [-Wimplicit-function-declaration]
   struct IQType data = DFT(samples);
                        ^~~
../src/Main.c:93:17: error: storage size of 'data' isn't known
   struct IQType data = DFT(samples);
                 ^~~~
../src/Main.c:93:17: warning: unused variable 'data' [-Wunused-variable]
make: *** [src/subdir.mk:38: src/Main.o] Error 1
15:49:25 **** Auto Build of configuration Debug for project AXI_Lite_Slave_Test_Bench_5 ****
make pre-build main-build 
a9-linaro-pre-build-step
' '
'Building file: ../src/Main.c'
'Invoking: ARM v7 gcc compiler'
arm-none-eabi-gcc -Wall -O0 -g3 -c -fmessage-length=0 -MT"src/Main.o" -mcpu=cortex-a9 -mfpu=vfpv3 -mfloat-abi=hard -I../../standalone_bsp_0/ps7_cortexa9_0/include -MMD -MP -MF"src/Main.d" -MT"src/Main.o" -o "src/Main.o" "../src/Main.c"
../src/Main.c: In function 'main':
../src/Main.c:93:10: error: variable 'data' has initializer but incomplete type
   struct IQType data = DFT(samples);
          ^~~~~~
../src/Main.c:93:24: warning: implicit declaration of function 'DFT' [-Wimplicit-function-declaration]
   struct IQType data = DFT(samples);
                        ^~~
../src/Main.c:93:17: error: storage size of 'data' isn't known
   struct IQType data = DFT(samples);
                 ^~~~
../src/Main.c:93:17: warning: unused variable 'data' [-Wunused-variable]
make: *** [src/subdir.mk:38: src/Main.o] Error 1
15:50:05 **** Auto Build of configuration Debug for project AXI_Lite_Slave_Test_Bench_5 ****
make pre-build main-build 
a9-linaro-pre-build-step
' '
'Building file: ../src/Main.c'
'Invoking: ARM v7 gcc compiler'
arm-none-eabi-gcc -Wall -O0 -g3 -c -fmessage-length=0 -MT"src/Main.o" -mcpu=cortex-a9 -mfpu=vfpv3 -mfloat-abi=hard -I../../standalone_bsp_0/ps7_cortexa9_0/include -MMD -MP -MF"src/Main.d" -MT"src/Main.o" -o "src/Main.o" "../src/Main.c"
../src/Main.c: In function 'main':
../src/Main.c:93:17: error: storage size of 'data' isn't known
   struct IQType data;
                 ^~~~
../src/Main.c:93:17: warning: unused variable 'data' [-Wunused-variable]
../src/Main.c:78:10: warning: variable 'samples' set but not used [-Wunused-but-set-variable]
   double samples[1024];
          ^~~~~~~
make: *** [src/subdir.mk:38: src/Main.o] Error 1
15:50:19 **** Auto Build of configuration Debug for project AXI_Lite_Slave_Test_Bench_5 ****
make pre-build main-build 
a9-linaro-pre-build-step
' '
'Building file: ../src/Main.c'
'Invoking: ARM v7 gcc compiler'
arm-none-eabi-gcc -Wall -O0 -g3 -c -fmessage-length=0 -MT"src/Main.o" -mcpu=cortex-a9 -mfpu=vfpv3 -mfloat-abi=hard -I../../standalone_bsp_0/ps7_cortexa9_0/include -MMD -MP -MF"src/Main.d" -MT"src/Main.o" -o "src/Main.o" "../src/Main.c"
../src/Main.c: In function 'main':
../src/Main.c:93:17: warning: unused variable 'data' [-Wunused-variable]
   struct IQType data;
                 ^~~~
../src/Main.c:78:10: warning: variable 'samples' set but not used [-Wunused-but-set-variable]
   double samples[1024];
          ^~~~~~~
'Finished building: ../src/Main.c'
' '
'Building target: AXI_Lite_Slave_Test_Bench_5.elf'
'Invoking: ARM v7 gcc linker'
arm-none-eabi-gcc -mcpu=cortex-a9 -mfpu=vfpv3 -mfloat-abi=hard -Wl,-build-id=none -specs=Xilinx.spec -Wl,-T -Wl,../src/lscript.ld -L../../standalone_bsp_0/ps7_cortexa9_0/lib -o "AXI_Lite_Slave_Test_Bench_5.elf"  ./src/DFTlib.o ./src/Main.o ./src/Microphone.o ./src/RWUART.o ./src/SSD_Driver.o ./src/platform.o   -lm -Wl,--start-group,-lxil,-lgcc,-lc,--end-group -Wl,--start-group,-lxil,-lmetal,-lgcc,-lc,--end-group
'Finished building target: AXI_Lite_Slave_Test_Bench_5.elf'
' '
'Invoking: ARM v7 Print Size'
arm-none-eabi-size AXI_Lite_Slave_Test_Bench_5.elf  |tee "AXI_Lite_Slave_Test_Bench_5.elf.size"
   text	   data	    bss	    dec	    hex	filename
  67152	   2584	  23328	  93064	  16b88	AXI_Lite_Slave_Test_Bench_5.elf
'Finished building: AXI_Lite_Slave_Test_Bench_5.elf.size'
' '
15:50:54 **** Auto Build of configuration Debug for project AXI_Lite_Slave_Test_Bench_5 ****
make pre-build main-build 
a9-linaro-pre-build-step
' '
'Building file: ../src/Main.c'
'Invoking: ARM v7 gcc compiler'
arm-none-eabi-gcc -Wall -O0 -g3 -c -fmessage-length=0 -MT"src/Main.o" -mcpu=cortex-a9 -mfpu=vfpv3 -mfloat-abi=hard -I../../standalone_bsp_0/ps7_cortexa9_0/include -MMD -MP -MF"src/Main.d" -MT"src/Main.o" -o "src/Main.o" "../src/Main.c"
../src/Main.c: In function 'main':
../src/Main.c:88:8: error: request for member 'Samples' in something not a structure or union
    data.Samples[i] = (double)data;
        ^
../src/Main.c:72:16: warning: unused variable 'data' [-Wunused-variable]
  struct IQType data;
                ^~~~
make: *** [src/subdir.mk:38: src/Main.o] Error 1
15:52:07 **** Auto Build of configuration Debug for project AXI_Lite_Slave_Test_Bench_5 ****
make pre-build main-build 
a9-linaro-pre-build-step
' '
'Building file: ../src/DFTlib.c'
'Invoking: ARM v7 gcc compiler'
arm-none-eabi-gcc -Wall -O0 -g3 -c -fmessage-length=0 -MT"src/DFTlib.o" -mcpu=cortex-a9 -mfpu=vfpv3 -mfloat-abi=hard -I../../standalone_bsp_0/ps7_cortexa9_0/include -MMD -MP -MF"src/DFTlib.d" -MT"src/DFTlib.o" -o "src/DFTlib.o" "../src/DFTlib.c"
../src/DFTlib.c:27:15: error: conflicting types for 'DFT'
 struct IQType DFT(double samples[]){
               ^~~
In file included from ../src/DFTlib.c:9:
../src/DFTlib.h:20:15: note: previous declaration of 'DFT' was here
 struct IQType DFT(struct IQType data);
               ^~~
make: *** [src/subdir.mk:38: src/DFTlib.o] Error 1
15:52:13 **** Auto Build of configuration Debug for project AXI_Lite_Slave_Test_Bench_5 ****
make pre-build main-build 
a9-linaro-pre-build-step
' '
'Building file: ../src/DFTlib.c'
'Invoking: ARM v7 gcc compiler'
arm-none-eabi-gcc -Wall -O0 -g3 -c -fmessage-length=0 -MT"src/DFTlib.o" -mcpu=cortex-a9 -mfpu=vfpv3 -mfloat-abi=hard -I../../standalone_bsp_0/ps7_cortexa9_0/include -MMD -MP -MF"src/DFTlib.d" -MT"src/DFTlib.o" -o "src/DFTlib.o" "../src/DFTlib.c"
../src/DFTlib.c: In function 'DFT':
[...]
"Running Make include in ps7_cortexa9_0/libsrc/cpu_cortexa9_v2_7/src"
make -C ps7_cortexa9_0/libsrc/cpu_cortexa9_v2_7/src -s include  "SHELL=CMD" "COMPILER=arm-none-eabi-gcc" "ARCHIVER=arm-none-eabi-ar" "COMPILER_FLAGS=  -O2 -c" "EXTRA_COMPILER_FLAGS=-mcpu=cortex-a9 -mfpu=vfpv3 -mfloat-abi=hard -nostartfiles -g -Wall -Wextra"
"Running Make include in ps7_cortexa9_0/libsrc/ddrps_v1_0/src"
make -C ps7_cortexa9_0/libsrc/ddrps_v1_0/src -s include  "SHELL=CMD" "COMPILER=arm-none-eabi-gcc" "ARCHIVER=arm-none-eabi-ar" "COMPILER_FLAGS=  -O2 -c" "EXTRA_COMPILER_FLAGS=-mcpu=cortex-a9 -mfpu=vfpv3 -mfloat-abi=hard -nostartfiles -g -Wall -Wextra"
"Running Make include in ps7_cortexa9_0/libsrc/devcfg_v3_5/src"
make -C ps7_cortexa9_0/libsrc/devcfg_v3_5/src -s include  "SHELL=CMD" "COMPILER=arm-none-eabi-gcc" "ARCHIVER=arm-none-eabi-ar" "COMPILER_FLAGS=  -O2 -c" "EXTRA_COMPILER_FLAGS=-mcpu=cortex-a9 -mfpu=vfpv3 -mfloat-abi=hard -nostartfiles -g -Wall -Wextra"
"Running Make include in ps7_cortexa9_0/libsrc/dmaps_v2_4/src"
make -C ps7_cortexa9_0/libsrc/dmaps_v2_4/src -s include  "SHELL=CMD" "COMPILER=arm-none-eabi-gcc" "ARCHIVER=arm-none-eabi-ar" "COMPILER_FLAGS=  -O2 -c" "EXTRA_COMPILER_FLAGS=-mcpu=cortex-a9 -mfpu=vfpv3 -mfloat-abi=hard -nostartfiles -g -Wall -Wextra"
"Running Make include in ps7_cortexa9_0/libsrc/gpiops_v3_5/src"
make -C ps7_cortexa9_0/libsrc/gpiops_v3_5/src -s include  "SHELL=CMD" "COMPILER=arm-none-eabi-gcc" "ARCHIVER=arm-none-eabi-ar" "COMPILER_FLAGS=  -O2 -c" "EXTRA_COMPILER_FLAGS=-mcpu=cortex-a9 -mfpu=vfpv3 -mfloat-abi=hard -nostartfiles -g -Wall -Wextra"
"Running Make include in ps7_cortexa9_0/libsrc/libmetal_v2_0/src"
make -C ps7_cortexa9_0/libsrc/libmetal_v2_0/src -s include  "SHELL=CMD" "COMPILER=arm-none-eabi-gcc" "ARCHIVER=arm-none-eabi-ar" "COMPILER_FLAGS=  -O2 -c" "EXTRA_COMPILER_FLAGS=-mcpu=cortex-a9 -mfpu=vfpv3 -mfloat-abi=hard -nostartfiles -g -Wall -Wextra"
"Running Make include in ps7_cortexa9_0/libsrc/qspips_v3_6/src"
make -C ps7_cortexa9_0/libsrc/qspips_v3_6/src -s include  "SHELL=CMD" "COMPILER=arm-none-eabi-gcc" "ARCHIVER=arm-none-eabi-ar" "COMPILER_FLAGS=  -O2 -c" "EXTRA_COMPILER_FLAGS=-mcpu=cortex-a9 -mfpu=vfpv3 -mfloat-abi=hard -nostartfiles -g -Wall -Wextra"
"Running Make include in ps7_cortexa9_0/libsrc/scugic_v4_0/src"
make -C ps7_cortexa9_0/libsrc/scugic_v4_0/src -s include  "SHELL=CMD" "COMPILER=arm-none-eabi-gcc" "ARCHIVER=arm-none-eabi-ar" "COMPILER_FLAGS=  -O2 -c" "EXTRA_COMPILER_FLAGS=-mcpu=cortex-a9 -mfpu=vfpv3 -mfloat-abi=hard -nostartfiles -g -Wall -Wextra"
"Running Make include in ps7_cortexa9_0/libsrc/scutimer_v2_1/src"
make -C ps7_cortexa9_0/libsrc/scutimer_v2_1/src -s include  "SHELL=CMD" "COMPILER=arm-none-eabi-gcc" "ARCHIVER=arm-none-eabi-ar" "COMPILER_FLAGS=  -O2 -c" "EXTRA_COMPILER_FLAGS=-mcpu=cortex-a9 -mfpu=vfpv3 -mfloat-abi=hard -nostartfiles -g -Wall -Wextra"
"Running Make include in ps7_cortexa9_0/libsrc/scuwdt_v2_1/src"
make -C ps7_cortexa9_0/libsrc/scuwdt_v2_1/src -s include  "SHELL=CMD" "COMPILER=arm-none-eabi-gcc" "ARCHIVER=arm-none-eabi-ar" "COMPILER_FLAGS=  -O2 -c" "EXTRA_COMPILER_FLAGS=-mcpu=cortex-a9 -mfpu=vfpv3 -mfloat-abi=hard -nostartfiles -g -Wall -Wextra"
"Running Make include in ps7_cortexa9_0/libsrc/sdps_v3_7/src"
make -C ps7_cortexa9_0/libsrc/sdps_v3_7/src -s include  "SHELL=CMD" "COMPILER=arm-none-eabi-gcc" "ARCHIVER=arm-none-eabi-ar" "COMPILER_FLAGS=  -O2 -c" "EXTRA_COMPILER_FLAGS=-mcpu=cortex-a9 -mfpu=vfpv3 -mfloat-abi=hard -nostartfiles -g -Wall -Wextra"
"Running Make include in ps7_cortexa9_0/libsrc/standalone_v7_0/src"
make -C ps7_cortexa9_0/libsrc/standalone_v7_0/src -s include  "SHELL=CMD" "COMPILER=arm-none-eabi-gcc" "ARCHIVER=arm-none-eabi-ar" "COMPILER_FLAGS=  -O2 -c" "EXTRA_COMPILER_FLAGS=-mcpu=cortex-a9 -mfpu=vfpv3 -mfloat-abi=hard -nostartfiles -g -Wall -Wextra"
"Running Make include in ps7_cortexa9_0/libsrc/uartps_v3_7/src"
make -C ps7_cortexa9_0/libsrc/uartps_v3_7/src -s include  "SHELL=CMD" "COMPILER=arm-none-eabi-gcc" "ARCHIVER=arm-none-eabi-ar" "COMPILER_FLAGS=  -O2 -c" "EXTRA_COMPILER_FLAGS=-mcpu=cortex-a9 -mfpu=vfpv3 -mfloat-abi=hard -nostartfiles -g -Wall -Wextra"
"Running Make include in ps7_cortexa9_0/libsrc/usbps_v2_4/src"
make -C ps7_cortexa9_0/libsrc/usbps_v2_4/src -s include  "SHELL=CMD" "COMPILER=arm-none-eabi-gcc" "ARCHIVER=arm-none-eabi-ar" "COMPILER_FLAGS=  -O2 -c" "EXTRA_COMPILER_FLAGS=-mcpu=cortex-a9 -mfpu=vfpv3 -mfloat-abi=hard -nostartfiles -g -Wall -Wextra"
"Running Make include in ps7_cortexa9_0/libsrc/xadcps_v2_3/src"
make -C ps7_cortexa9_0/libsrc/xadcps_v2_3/src -s include  "SHELL=CMD" "COMPILER=arm-none-eabi-gcc" "ARCHIVER=arm-none-eabi-ar" "COMPILER_FLAGS=  -O2 -c" "EXTRA_COMPILER_FLAGS=-mcpu=cortex-a9 -mfpu=vfpv3 -mfloat-abi=hard -nostartfiles -g -Wall -Wextra"
"Running Make libs in ps7_cortexa9_0/libsrc/coresightps_dcc_v1_5/src"
make -C ps7_cortexa9_0/libsrc/coresightps_dcc_v1_5/src -s libs  "SHELL=CMD" "COMPILER=arm-none-eabi-gcc" "ARCHIVER=arm-none-eabi-ar" "COMPILER_FLAGS=  -O2 -c" "EXTRA_COMPILER_FLAGS=-mcpu=cortex-a9 -mfpu=vfpv3 -mfloat-abi=hard -nostartfiles -g -Wall -Wextra"
"Compiling coresightps_dcc"
"Running Make libs in ps7_cortexa9_0/libsrc/cpu_cortexa9_v2_7/src"
make -C ps7_cortexa9_0/libsrc/cpu_cortexa9_v2_7/src -s libs  "SHELL=CMD" "COMPILER=arm-none-eabi-gcc" "ARCHIVER=arm-none-eabi-ar" "COMPILER_FLAGS=  -O2 -c" "EXTRA_COMPILER_FLAGS=-mcpu=cortex-a9 -mfpu=vfpv3 -mfloat-abi=hard -nostartfiles -g -Wall -Wextra"
"Compiling cpu_cortexa9"
"Running Make libs in ps7_cortexa9_0/libsrc/ddrps_v1_0/src"
make -C ps7_cortexa9_0/libsrc/ddrps_v1_0/src -s libs  "SHELL=CMD" "COMPILER=arm-none-eabi-gcc" "ARCHIVER=arm-none-eabi-ar" "COMPILER_FLAGS=  -O2 -c" "EXTRA_COMPILER_FLAGS=-mcpu=cortex-a9 -mfpu=vfpv3 -mfloat-abi=hard -nostartfiles -g -Wall -Wextra"
"Compiling ddrps"
"Running Make libs in ps7_cortexa9_0/libsrc/devcfg_v3_5/src"
make -C ps7_cortexa9_0/libsrc/devcfg_v3_5/src -s libs  "SHELL=CMD" "COMPILER=arm-none-eabi-gcc" "ARCHIVER=arm-none-eabi-ar" "COMPILER_FLAGS=  -O2 -c" "EXTRA_COMPILER_FLAGS=-mcpu=cortex-a9 -mfpu=vfpv3 -mfloat-abi=hard -nostartfiles -g -Wall -Wextra"
"Compiling devcfg"
"Running Make libs in ps7_cortexa9_0/libsrc/dmaps_v2_4/src"
make -C ps7_cortexa9_0/libsrc/dmaps_v2_4/src -s libs  "SHELL=CMD" "COMPILER=arm-none-eabi-gcc" "ARCHIVER=arm-none-eabi-ar" "COMPILER_FLAGS=  -O2 -c" "EXTRA_COMPILER_FLAGS=-mcpu=cortex-a9 -mfpu=vfpv3 -mfloat-abi=hard -nostartfiles -g -Wall -Wextra"
"Compiling dmaps"
"Running Make libs in ps7_cortexa9_0/libsrc/gpiops_v3_5/src"
make -C ps7_cortexa9_0/libsrc/gpiops_v3_5/src -s libs  "SHELL=CMD" "COMPILER=arm-none-eabi-gcc" "ARCHIVER=arm-none-eabi-ar" "COMPILER_FLAGS=  -O2 -c" "EXTRA_COMPILER_FLAGS=-mcpu=cortex-a9 -mfpu=vfpv3 -mfloat-abi=hard -nostartfiles -g -Wall -Wextra"
"Compiling gpiops"
"Running Make libs in ps7_cortexa9_0/libsrc/libmetal_v2_0/src"
make -C ps7_cortexa9_0/libsrc/libmetal_v2_0/src -s libs  "SHELL=CMD" "COMPILER=arm-none-eabi-gcc" "ARCHIVER=arm-none-eabi-ar" "COMPILER_FLAGS=  -O2 -c" "EXTRA_COMPILER_FLAGS=-mcpu=cortex-a9 -mfpu=vfpv3 -mfloat-abi=hard -nostartfiles -g -Wall -Wextra"
[100%] Built target metal-static
Install the project...
-- Install configuration: "Debug"
-- Installing: ../../../include/metal/alloc.h
-- Installing: ../../../include/metal/assert.h
-- Installing: ../../../include/metal/atomic.h
-- Installing: ../../../include/metal/cache.h
-- Installing: ../../../include/metal/compiler.h
-- Installing: ../../../include/metal/condition.h
-- Installing: ../../../include/metal/config.h
-- Installing: ../../../include/metal/cpu.h
-- Installing: ../../../include/metal/device.h
-- Installing: ../../../include/metal/dma.h
-- Installing: ../../../include/metal/io.h
-- Installing: ../../../include/metal/irq.h
-- Installing: ../../../include/metal/irq_controller.h
-- Installing: ../../../include/metal/list.h
-- Installing: ../../../include/metal/log.h
-- Installing: ../../../include/metal/mutex.h
-- Installing: ../../../include/metal/scatterlist.h
-- Installing: ../../../include/metal/shmem.h
-- Installing: ../../../include/metal/shmem-provider.h
-- Installing: ../../../include/metal/sleep.h
-- Installing: ../../../include/metal/softirq.h
-- Installing: ../../../include/metal/spinlock.h
-- Installing: ../../../include/metal/sys.h
-- Installing: ../../../include/metal/time.h
-- Installing: ../../../include/metal/utilities.h
-- Installing: ../../../include/metal/version.h
-- Installing: ../../../include/metal/compiler/gcc/atomic.h
-- Installing: ../../../include/metal/compiler/gcc/compiler.h
-- Installing: ../../../include/metal/compiler/iar/compiler.h
-- Installing: ../../../include/metal/processor/arm/atomic.h
-- Installing: ../../../include/metal/processor/arm/cpu.h
-- Installing: ../../../include/metal/system/generic/alloc.h
-- Installing: ../../../include/metal/system/generic/assert.h
-- Installing: ../../../include/metal/system/generic/cache.h
-- Installing: ../../../include/metal/system/generic/condition.h
-- Installing: ../../../include/metal/system/generic/io.h
-- Installing: ../../../include/metal/system/generic/irq.h
-- Installing: ../../../include/metal/system/generic/log.h
-- Installing: ../../../include/metal/system/generic/mutex.h
-- Installing: ../../../include/metal/system/generic/sleep.h
-- Installing: ../../../include/metal/system/generic/sys.h
-- Installing: ../../../include/metal/system/generic/zynq7/sys.h
-- Installing: ../../../include/metal/system/generic/xlnx_common/sys.h
-- Up-to-date: ../../../lib/libmetal.a
"Running Make libs in ps7_cortexa9_0/libsrc/qspips_v3_6/src"
make -C ps7_cortexa9_0/libsrc/qspips_v3_6/src -s libs  "SHELL=CMD" "COMPILER=arm-none-eabi-gcc" "ARCHIVER=arm-none-eabi-ar" "COMPILER_FLAGS=  -O2 -c" "EXTRA_COMPILER_FLAGS=-mcpu=cortex-a9 -mfpu=vfpv3 -mfloat-abi=hard -nostartfiles -g -Wall -Wextra"
"Compiling qspips"
"Running Make libs in ps7_cortexa9_0/libsrc/scugic_v4_0/src"
make -C ps7_cortexa9_0/libsrc/scugic_v4_0/src -s libs  "SHELL=CMD" "COMPILER=arm-none-eabi-gcc" "ARCHIVER=arm-none-eabi-ar" "COMPILER_FLAGS=  -O2 -c" "EXTRA_COMPILER_FLAGS=-mcpu=cortex-a9 -mfpu=vfpv3 -mfloat-abi=hard -nostartfiles -g -Wall -Wextra"
"Compiling scugic"
"Running Make libs in ps7_cortexa9_0/libsrc/scutimer_v2_1/src"
make -C ps7_cortexa9_0/libsrc/scutimer_v2_1/src -s libs  "SHELL=CMD" "COMPILER=arm-none-eabi-gcc" "ARCHIVER=arm-none-eabi-ar" "COMPILER_FLAGS=  -O2 -c" "EXTRA_COMPILER_FLAGS=-mcpu=cortex-a9 -mfpu=vfpv3 -mfloat-abi=hard -nostartfiles -g -Wall -Wextra"
"Compiling scutimer"
"Running Make libs in ps7_cortexa9_0/libsrc/scuwdt_v2_1/src"
make -C ps7_cortexa9_0/libsrc/scuwdt_v2_1/src -s libs  "SHELL=CMD" "COMPILER=arm-none-eabi-gcc" "ARCHIVER=arm-none-eabi-ar" "COMPILER_FLAGS=  -O2 -c" "EXTRA_COMPILER_FLAGS=-mcpu=cortex-a9 -mfpu=vfpv3 -mfloat-abi=hard -nostartfiles -g -Wall -Wextra"
"Compiling scuwdt"
"Running Make libs in ps7_cortexa9_0/libsrc/sdps_v3_7/src"
make -C ps7_cortexa9_0/libsrc/sdps_v3_7/src -s libs  "SHELL=CMD" "COMPILER=arm-none-eabi-gcc" "ARCHIVER=arm-none-eabi-ar" "COMPILER_FLAGS=  -O2 -c" "EXTRA_COMPILER_FLAGS=-mcpu=cortex-a9 -mfpu=vfpv3 -mfloat-abi=hard -nostartfiles -g -Wall -Wextra"
"Compiling sdps"
"Running Make libs in ps7_cortexa9_0/libsrc/standalone_v7_0/src"
make -C ps7_cortexa9_0/libsrc/standalone_v7_0/src -s libs  "SHELL=CMD" "COMPILER=arm-none-eabi-gcc" "ARCHIVER=arm-none-eabi-ar" "COMPILER_FLAGS=  -O2 -c" "EXTRA_COMPILER_FLAGS=-mcpu=cortex-a9 -mfpu=vfpv3 -mfloat-abi=hard -nostartfiles -g -Wall -Wextra"
"Compiling standalone"
In file included from usleep.c:56:
xtime_l.h:87:9: note: #pragma message: For the sleep routines, Global timer is being used
 #pragma message ("For the sleep routines, Global timer is being used")
         ^~~~~~~
In file included from sleep.c:53:
xtime_l.h:87:9: note: #pragma message: For the sleep routines, Global timer is being used
 #pragma message ("For the sleep routines, Global timer is being used")
         ^~~~~~~
In file included from xil_sleeptimer.c:51:
xtime_l.h:87:9: note: #pragma message: For the sleep routines, Global timer is being used
 #pragma message ("For the sleep routines, Global timer is being used")
         ^~~~~~~
In file included from xtime_l.c:49:
xtime_l.h:87:9: note: #pragma message: For the sleep routines, Global timer is being used
 #pragma message ("For the sleep routines, Global timer is being used")
         ^~~~~~~
"Running Make libs in ps7_cortexa9_0/libsrc/uartps_v3_7/src"
make -C ps7_cortexa9_0/libsrc/uartps_v3_7/src -s libs  "SHELL=CMD" "COMPILER=arm-none-eabi-gcc" "ARCHIVER=arm-none-eabi-ar" "COMPILER_FLAGS=  -O2 -c" "EXTRA_COMPILER_FLAGS=-mcpu=cortex-a9 -mfpu=vfpv3 -mfloat-abi=hard -nostartfiles -g -Wall -Wextra"
"Compiling uartps"
"Running Make libs in ps7_cortexa9_0/libsrc/usbps_v2_4/src"
make -C ps7_cortexa9_0/libsrc/usbps_v2_4/src -s libs  "SHELL=CMD" "COMPILER=arm-none-eabi-gcc" "ARCHIVER=arm-none-eabi-ar" "COMPILER_FLAGS=  -O2 -c" "EXTRA_COMPILER_FLAGS=-mcpu=cortex-a9 -mfpu=vfpv3 -mfloat-abi=hard -nostartfiles -g -Wall -Wextra"
"Compiling usbps"
"Running Make libs in ps7_cortexa9_0/libsrc/xadcps_v2_3/src"
make -C ps7_cortexa9_0/libsrc/xadcps_v2_3/src -s libs  "SHELL=CMD" "COMPILER=arm-none-eabi-gcc" "ARCHIVER=arm-none-eabi-ar" "COMPILER_FLAGS=  -O2 -c" "EXTRA_COMPILER_FLAGS=-mcpu=cortex-a9 -mfpu=vfpv3 -mfloat-abi=hard -nostartfiles -g -Wall -Wextra"
"Compiling xadcps"
'Finished building libraries'
22:25:06 **** Build of configuration Debug for project AXI_Lite_Slave_Test_Bench_5 ****
make pre-build main-build 
a9-linaro-pre-build-step
' '
'Building file: ../src/Main.c'
'Invoking: ARM v7 gcc compiler'
arm-none-eabi-gcc -Wall -O0 -g3 -c -fmessage-length=0 -MT"src/Main.o" -mcpu=cortex-a9 -mfpu=vfpv3 -mfloat-abi=hard -I../../standalone_bsp_0/ps7_cortexa9_0/include -MMD -MP -MF"src/Main.d" -MT"src/Main.o" -o "src/Main.o" "../src/Main.c"
'Finished building: ../src/Main.c'
' '
'Building file: ../src/Microphone.c'
'Invoking: ARM v7 gcc compiler'
arm-none-eabi-gcc -Wall -O0 -g3 -c -fmessage-length=0 -MT"src/Microphone.o" -mcpu=cortex-a9 -mfpu=vfpv3 -mfloat-abi=hard -I../../standalone_bsp_0/ps7_cortexa9_0/include -MMD -MP -MF"src/Microphone.d" -MT"src/Microphone.o" -o "src/Microphone.o" "../src/Microphone.c"
'Finished building: ../src/Microphone.c'
' '
'Building file: ../src/RWUART.c'
'Invoking: ARM v7 gcc compiler'
arm-none-eabi-gcc -Wall -O0 -g3 -c -fmessage-length=0 -MT"src/RWUART.o" -mcpu=cortex-a9 -mfpu=vfpv3 -mfloat-abi=hard -I../../standalone_bsp_0/ps7_cortexa9_0/include -MMD -MP -MF"src/RWUART.d" -MT"src/RWUART.o" -o "src/RWUART.o" "../src/RWUART.c"
'Finished building: ../src/RWUART.c'
' '
'Building file: ../src/SSD_Driver.c'
'Invoking: ARM v7 gcc compiler'
arm-none-eabi-gcc -Wall -O0 -g3 -c -fmessage-length=0 -MT"src/SSD_Driver.o" -mcpu=cortex-a9 -mfpu=vfpv3 -mfloat-abi=hard -I../../standalone_bsp_0/ps7_cortexa9_0/include -MMD -MP -MF"src/SSD_Driver.d" -MT"src/SSD_Driver.o" -o "src/SSD_Driver.o" "../src/SSD_Driver.c"
'Finished building: ../src/SSD_Driver.c'
' '
'Building file: ../src/platform.c'
'Invoking: ARM v7 gcc compiler'
arm-none-eabi-gcc -Wall -O0 -g3 -c -fmessage-length=0 -MT"src/platform.o" -mcpu=cortex-a9 -mfpu=vfpv3 -mfloat-abi=hard -I../../standalone_bsp_0/ps7_cortexa9_0/include -MMD -MP -MF"src/platform.d" -MT"src/platform.o" -o "src/platform.o" "../src/platform.c"
'Finished building: ../src/platform.c'
' '
'Building target: AXI_Lite_Slave_Test_Bench_5.elf'
'Invoking: ARM v7 gcc linker'
arm-none-eabi-gcc -mcpu=cortex-a9 -mfpu=vfpv3 -mfloat-abi=hard -Wl,-build-id=none -specs=Xilinx.spec -Wl,-T -Wl,../src/lscript.ld -L../../standalone_bsp_0/ps7_cortexa9_0/lib -o "AXI_Lite_Slave_Test_Bench_5.elf"  ./src/DFTlib.o ./src/Main.o ./src/Microphone.o ./src/RWUART.o ./src/SSD_Driver.o ./src/platform.o   -lm -Wl,--start-group,-lxil,-lgcc,-lc,--end-group -Wl,--start-group,-lxil,-lmetal,-lgcc,-lc,--end-group
'Finished building target: AXI_Lite_Slave_Test_Bench_5.elf'
' '
'Invoking: ARM v7 Print Size'
arm-none-eabi-size AXI_Lite_Slave_Test_Bench_5.elf  |tee "AXI_Lite_Slave_Test_Bench_5.elf.size"
   text	   data	    bss	    dec	    hex	filename
  67184	   2584	  23328	  93096	  16ba8	AXI_Lite_Slave_Test_Bench_5.elf
'Finished building: AXI_Lite_Slave_Test_Bench_5.elf.size'
' '
22:28:24 **** Clean-only build of configuration Debug for project AXI_Lite_Slave_Test_Bench_5 ****
make clean 
rm -rf  ./src/DFTlib.o ./src/Main.o ./src/Microphone.o ./src/RWUART.o ./src/SSD_Driver.o ./src/platform.o  ./src/DFTlib.d ./src/Main.d ./src/Microphone.d ./src/RWUART.d ./src/SSD_Driver.d ./src/platform.d  AXI_Lite_Slave_Test_Bench_5.elf.size  AXI_Lite_Slave_Test_Bench_5.elf
' '
22:28:24 **** Incremental Build of configuration Debug for project AXI_Lite_Slave_Test_Bench_5 ****
make pre-build main-build 
a9-linaro-pre-build-step
' '
'Building file: ../src/DFTlib.c'
'Invoking: ARM v7 gcc compiler'
arm-none-eabi-gcc -Wall -O0 -g3 -c -fmessage-length=0 -MT"src/DFTlib.o" -mcpu=cortex-a9 -mfpu=vfpv3 -mfloat-abi=hard -I../../standalone_bsp_0/ps7_cortexa9_0/include -MMD -MP -MF"src/DFTlib.d" -MT"src/DFTlib.o" -o "src/DFTlib.o" "../src/DFTlib.c"
'Finished building: ../src/DFTlib.c'
' '
'Building file: ../src/Main.c'
'Invoking: ARM v7 gcc compiler'
arm-none-eabi-gcc -Wall -O0 -g3 -c -fmessage-length=0 -MT"src/Main.o" -mcpu=cortex-a9 -mfpu=vfpv3 -mfloat-abi=hard -I../../standalone_bsp_0/ps7_cortexa9_0/include -MMD -MP -MF"src/Main.d" -MT"src/Main.o" -o "src/Main.o" "../src/Main.c"
'Finished building: ../src/Main.c'
' '
'Building file: ../src/Microphone.c'
'Invoking: ARM v7 gcc compiler'
arm-none-eabi-gcc -Wall -O0 -g3 -c -fmessage-length=0 -MT"src/Microphone.o" -mcpu=cortex-a9 -mfpu=vfpv3 -mfloat-abi=hard -I../../standalone_bsp_0/ps7_cortexa9_0/include -MMD -MP -MF"src/Microphone.d" -MT"src/Microphone.o" -o "src/Microphone.o" "../src/Microphone.c"
'Finished building: ../src/Microphone.c'
' '
'Building file: ../src/RWUART.c'
'Invoking: ARM v7 gcc compiler'
arm-none-eabi-gcc -Wall -O0 -g3 -c -fmessage-length=0 -MT"src/RWUART.o" -mcpu=cortex-a9 -mfpu=vfpv3 -mfloat-abi=hard -I../../standalone_bsp_0/ps7_cortexa9_0/include -MMD -MP -MF"src/RWUART.d" -MT"src/RWUART.o" -o "src/RWUART.o" "../src/RWUART.c"
'Finished building: ../src/RWUART.c'
' '
'Building file: ../src/SSD_Driver.c'
'Invoking: ARM v7 gcc compiler'
arm-none-eabi-gcc -Wall -O0 -g3 -c -fmessage-length=0 -MT"src/SSD_Driver.o" -mcpu=cortex-a9 -mfpu=vfpv3 -mfloat-abi=hard -I../../standalone_bsp_0/ps7_cortexa9_0/include -MMD -MP -MF"src/SSD_Driver.d" -MT"src/SSD_Driver.o" -o "src/SSD_Driver.o" "../src/SSD_Driver.c"
'Finished building: ../src/SSD_Driver.c'
' '
'Building file: ../src/platform.c'
'Invoking: ARM v7 gcc compiler'
arm-none-eabi-gcc -Wall -O0 -g3 -c -fmessage-length=0 -MT"src/platform.o" -mcpu=cortex-a9 -mfpu=vfpv3 -mfloat-abi=hard -I../../standalone_bsp_0/ps7_cortexa9_0/include -MMD -MP -MF"src/platform.d" -MT"src/platform.o" -o "src/platform.o" "../src/platform.c"
'Finished building: ../src/platform.c'
' '
'Building target: AXI_Lite_Slave_Test_Bench_5.elf'
'Invoking: ARM v7 gcc linker'
arm-none-eabi-gcc -mcpu=cortex-a9 -mfpu=vfpv3 -mfloat-abi=hard -Wl,-build-id=none -specs=Xilinx.spec -Wl,-T -Wl,../src/lscript.ld -L../../standalone_bsp_0/ps7_cortexa9_0/lib -o "AXI_Lite_Slave_Test_Bench_5.elf"  ./src/DFTlib.o ./src/Main.o ./src/Microphone.o ./src/RWUART.o ./src/SSD_Driver.o ./src/platform.o   -lm -Wl,--start-group,-lxil,-lgcc,-lc,--end-group -Wl,--start-group,-lxil,-lmetal,-lgcc,-lc,--end-group
'Finished building target: AXI_Lite_Slave_Test_Bench_5.elf'
' '
'Invoking: ARM v7 Print Size'
arm-none-eabi-size AXI_Lite_Slave_Test_Bench_5.elf  |tee "AXI_Lite_Slave_Test_Bench_5.elf.size"
   text	   data	    bss	    dec	    hex	filename
  67184	   2584	  23328	  93096	  16ba8	AXI_Lite_Slave_Test_Bench_5.elf
'Finished building: AXI_Lite_Slave_Test_Bench_5.elf.size'
' '
